     1                                  org 100h
     2                                  
     3                                  ;call clscr
     4 00000000 E80D02                  call blue_background
     5 00000003 E83202                  call boundry
     6                                  
     7                                  
     8 00000006 B8[F104]                mov ax,Mystr1
     9 00000009 50                      push ax
    10 0000000A A1[F604]                mov ax,[attribute]
    11 0000000D 50                      push ax
    12 0000000E A1[F704]                mov ax,[row1]
    13 00000011 50                      push ax
    14 00000012 A1[F804]                mov ax,[cols1]
    15 00000015 50                      push ax
    16 00000016 E8F802                  call print
    17                                  
    18                                  
    19 00000019 B8[F904]                mov ax,Mystr2
    20 0000001C 50                      push ax
    21 0000001D A1[F604]                mov ax,[attribute]
    22 00000020 50                      push ax
    23 00000021 A1[FE04]                mov ax,[row2]
    24 00000024 50                      push ax
    25 00000025 A1[FF04]                mov ax,[cols2]
    26 00000028 50                      push ax
    27 00000029 E8E502                  call print
    28                                  
    29                                  
    30 0000002C B8[0005]                mov ax,Mystr3
    31 0000002F 50                      push ax
    32 00000030 A1[F604]                mov ax,[attribute]
    33 00000033 50                      push ax
    34 00000034 A1[0505]                mov ax,[row3]
    35 00000037 50                      push ax
    36 00000038 A1[0605]                mov ax,[cols3]
    37 0000003B 50                      push ax
    38 0000003C E8D202                  call print
    39                                  
    40 0000003F B8[F104]                mov ax,Mystr1
    41 00000042 50                      push ax
    42 00000043 A1[F604]                mov ax,[attribute]
    43 00000046 50                      push ax
    44 00000047 A1[0705]                mov ax,[row4]
    45 0000004A 50                      push ax
    46 0000004B A1[0805]                mov ax,[cols4]
    47 0000004E 50                      push ax
    48 0000004F E8BF02                  call print
    49                                  
    50 00000052 B8[F904]                mov ax,Mystr2
    51 00000055 50                      push ax
    52 00000056 A1[F604]                mov ax,[attribute]
    53 00000059 50                      push ax
    54 0000005A A1[0905]                mov ax,[row5]
    55 0000005D 50                      push ax
    56 0000005E A1[0A05]                mov ax,[cols5]
    57 00000061 50                      push ax
    58 00000062 E8AC02                  call print
    59                                  
    60 00000065 B8[0005]                mov ax,Mystr3
    61 00000068 50                      push ax
    62 00000069 A1[F604]                mov ax,[attribute]
    63 0000006C 50                      push ax
    64 0000006D A1[0B05]                mov ax,[row6]
    65 00000070 50                      push ax
    66 00000071 A1[0C05]                mov ax,[cols6]
    67 00000074 50                      push ax
    68 00000075 E89902                  call print
    69                                  
    70                                  
    71                                  
    72                                  
    73 00000078 A1[0D05]                mov ax,[Mychar]
    74 0000007B 50                      push ax
    75 0000007C A1[0E05]                mov ax,[attr]
    76 0000007F 50                      push ax
    77 00000080 A1[0F05]                mov ax,[v_row1]
    78 00000083 50                      push ax
    79 00000084 A1[1005]                mov ax,[v_cols1]
    80 00000087 50                      push ax
    81 00000088 A1[1105]                mov ax,[dest_row1]
    82 0000008B 50                      push ax
    83 0000008C E8CB02                  call print_verticle
    84                                  
    85 0000008F A1[0D05]                mov ax,[Mychar]
    86 00000092 50                      push ax
    87 00000093 A1[0E05]                mov ax,[attr]
    88 00000096 50                      push ax
    89 00000097 A1[1205]                mov ax,[v_row2]
    90 0000009A 50                      push ax
    91 0000009B A1[1305]                mov ax,[v_cols2]
    92 0000009E 50                      push ax
    93 0000009F A1[1405]                mov ax,[dest_row2]
    94 000000A2 50                      push ax
    95 000000A3 E8B402                  call print_verticle
    96                                  
    97                                  
    98 000000A6 A1[0D05]                mov ax,[Mychar]
    99 000000A9 50                      push ax
   100 000000AA A1[0E05]                mov ax,[attr]
   101 000000AD 50                      push ax
   102 000000AE A1[1505]                mov ax,[v_row3]
   103 000000B1 50                      push ax
   104 000000B2 A1[1605]                mov ax,[v_cols3]
   105 000000B5 50                      push ax
   106 000000B6 A1[1705]                mov ax,[dest_row3]
   107 000000B9 50                      push ax
   108 000000BA E89D02                  call print_verticle
   109                                  
   110                                  
   111 000000BD A1[0D05]                mov ax,[Mychar]
   112 000000C0 50                      push ax
   113 000000C1 A1[0E05]                mov ax,[attr]
   114 000000C4 50                      push ax
   115 000000C5 A1[1805]                mov ax,[v_row4]
   116 000000C8 50                      push ax
   117 000000C9 A1[1905]                mov ax,[v_cols4]
   118 000000CC 50                      push ax
   119 000000CD A1[1A05]                mov ax,[dest_row4]
   120 000000D0 50                      push ax
   121 000000D1 E88602                  call print_verticle
   122                                  
   123                                  
   124 000000D4 A1[1B05]                mov ax,[h_Mychar]
   125 000000D7 50                      push ax
   126 000000D8 A1[1C05]                mov ax,[h_attr]
   127 000000DB 50                      push ax
   128 000000DC A1[1D05]                mov ax,[h_row]
   129 000000DF 50                      push ax
   130 000000E0 A1[1E05]                mov ax,[h_cols]
   131 000000E3 50                      push ax
   132 000000E4 A1[1F05]                mov ax,[dest_col]
   133 000000E7 50                      push ax
   134 000000E8 E8C202                  call print_horizontal
   135                                  
   136                                  
   137                                  
   138                                  
   139                                  
   140                                  
   141                                  
   142                                  
   143                                  
   144                                  
   145                                  
   146 000000EB B800B8                  fix_boundry:    mov ax,0xb800
   147 000000EE 8EC0                                    mov es,ax
   148 000000F0 B8C11B                                  mov ax,1BC1h
   149 000000F3 BFE80D                                  mov di,3560
   150 000000F6 268905                                  mov [es:di],ax
   151 000000F9 81C71400                                add di,20
   152 000000FD 268905                                  mov [es:di],ax
   153 00000100 B8BA1B                                  mov ax,1BBAh
   154 00000103 81C71200                                add di,18  
   155 00000107 268905                                  mov [es:di],ax
   156 0000010A 81C70200                                add di,2
   157 0000010E 268905                                  mov [es:di],ax
   158 00000111 B8C11B                                  mov ax,1BC1h
   159 00000114 81C72800                                add di,40
   160 00000118 268905                                  mov [es:di],ax
   161 0000011B 81C71400                                add di,20
   162 0000011F 268905                                  mov [es:di],ax
   163                                  
   164                                  
   165                                  ;=================================================================================================================
   166                                  ; the above was just initialization of the whole UI
   167                                  
   168                                  
   169                                  
   170 00000122 31C0                    main_highlight: xor ax,ax
   171 00000124 A0[2005]                                mov al,[active_pane]
   172 00000127 50                                      push ax
   173 00000128 A0[2105]                                mov al,[current_row]
   174 0000012B 50                                      push ax
   175 0000012C A0[2205]                                mov al,[l_start_cols]
   176 0000012F 50                                      push ax
   177 00000130 A0[2305]                                mov al,[l_end_cols]
   178 00000133 50                                      push ax
   179 00000134 A0[2405]                                mov al,[r_start_cols]
   180 00000137 50                                      push ax
   181 00000138 A0[2505]                                mov al,[r_end_cols]
   182 0000013B 50                                      push ax
   183 0000013C E8C102                                  call highlight_row
   184 0000013F E90000                                  jmp main_loop
   185                                  
   186                                  
   187                                  main_unhighlight: 
   188                                  
   189                                  
   190                                  
   191 00000142 B400                    main_loop:      mov ah,00h      ;waiting for the user to press the key
   192 00000144 CD16                                    int 16h
   193                                  
   194 00000146 3C1B                                    cmp al,1Bh        ; if it is escape, just exit
   195 00000148 0F84A003                                je near exit
   196                                  
   197 0000014C 3C09                                    cmp al,09h      ; if it is tab swictn panes
   198 0000014E 740C                                    je switch_panes
   199                                  
   200 00000150 80FC48                                  cmp ah,48h      ; non extended keys like tab and escape are captured by AL else extended keys like
   201 00000153 742B                                    je move_up      ; arrow keys are captured by AH
   202                                                        
   203 00000155 80FC50                                  cmp ah,50h
   204 00000158 745A                                    je move_down
   205                                  
   206 0000015A EBE6                                    jmp main_loop   ;if any other key is pressed just wait again
   207                                  
   208                                  
   209                                  ;IDEA instead of just copying and pasting unhighlight everywhere, i can send a value in al like 0,1,2
   210                                  ; after calling the unhighligh_row i compare the value of al, if it is 0 i jump to switch panes etc
   211                                    
   212 0000015C 31C0                    switch_panes:   xor ax,ax
   213 0000015E A0[2005]                                mov al,[active_pane]
   214 00000161 50                                      push ax
   215 00000162 A0[2105]                                mov al,[current_row]
   216 00000165 50                                      push ax
   217 00000166 A0[2205]                                mov al,[l_start_cols]
   218 00000169 50                                      push ax
   219 0000016A A0[2305]                                mov al,[l_end_cols]
   220 0000016D 50                                      push ax
   221 0000016E A0[2405]                                mov al,[r_start_cols]
   222 00000171 50                                      push ax
   223 00000172 A0[2505]                                mov al,[r_end_cols]
   224 00000175 50                                      push ax
   225 00000176 E8FD02                                  call unhighlight_row
   226 00000179 8036[2005]01                            xor byte [active_pane],1
   227 0000017E EBA2                                    jmp main_highlight
   228                                  
   229 00000180 31C0                    move_up:        xor ax,ax
   230 00000182 A0[2005]                                mov al,[active_pane]
   231 00000185 50                                      push ax
   232 00000186 A0[2105]                                mov al,[current_row]
   233 00000189 50                                      push ax
   234 0000018A A0[2205]                                mov al,[l_start_cols]
   235 0000018D 50                                      push ax
   236 0000018E A0[2305]                                mov al,[l_end_cols]
   237 00000191 50                                      push ax
   238 00000192 A0[2405]                                mov al,[r_start_cols]
   239 00000195 50                                      push ax
   240 00000196 A0[2505]                                mov al,[r_end_cols]
   241 00000199 50                                      push ax
   242 0000019A E8D902                                  call unhighlight_row
   243 0000019D A0[2105]                                mov al,[current_row]
   244 000001A0 3C02                                    cmp al,2
   245 000001A2 7408                                    je first_row
   246 000001A4 FEC8                                    dec al
   247 000001A6 A2[2105]                                mov [current_row],al
   248 000001A9 E976FF                                  jmp main_highlight
   249                                  
   250 000001AC B015                    first_row:      mov al,21
   251 000001AE A2[2105]                                mov [current_row],al
   252 000001B1 E96EFF                                  jmp main_highlight
   253                                  
   254                                  
   255 000001B4 31C0                    move_down:      xor ax,ax
   256 000001B6 A0[2005]                                mov al,[active_pane]
   257 000001B9 50                                      push ax
   258 000001BA A0[2105]                                mov al,[current_row]
   259 000001BD 50                                      push ax
   260 000001BE A0[2205]                                mov al,[l_start_cols]
   261 000001C1 50                                      push ax
   262 000001C2 A0[2305]                                mov al,[l_end_cols]
   263 000001C5 50                                      push ax
   264 000001C6 A0[2405]                                mov al,[r_start_cols]
   265 000001C9 50                                      push ax
   266 000001CA A0[2505]                                mov al,[r_end_cols]
   267 000001CD 50                                      push ax
   268 000001CE E8A502                                  call unhighlight_row
   269 000001D1 A0[2105]                                mov al,[current_row]
   270 000001D4 3C15                                    cmp al,21       ;last row that can be accessed
   271 000001D6 7408                                    je last_row
   272 000001D8 FEC0                                    inc al
   273 000001DA A2[2105]                                mov [current_row],AL
   274 000001DD E942FF                                  jmp main_highlight
   275                                  
   276 000001E0 B002                    last_row:       mov al,2 ; first accessible row
   277 000001E2 A2[2105]                                mov [current_row],al
   278 000001E5 E93AFF                                  jmp main_highlight
   279                                  
   280                                  
   281                                  
   282                                  
   283                                  
   284                                  
   285                                  
   286                                  
   287                                  
   288                                  
   289                                  
   290                                  
   291                                  
   292                                  
   293                                  
   294                                  
   295                                  
   296 000001E8 55                      clscr:  push bp
   297 000001E9 89E5                            mov bp,sp
   298 000001EB 50                              push ax
   299 000001EC 06                              push es
   300 000001ED 57                              push di
   301 000001EE 31FF                            xor di,di
   302 000001F0 B800B8                          mov ax,0xb800
   303 000001F3 8EC0                            mov es,ax
   304 000001F5 B82000                          mov ax, 0x0020
   305 000001F8 E90000                          jmp clear_loop
   306                                  
   307 000001FB 268905                  clear_loop: mov [es:di],ax
   308 000001FE 81C70200                            add di,2
   309 00000202 81FFA00F                            cmp di,4000
   310 00000206 75F3                                jnz clear_loop
   311 00000208 E90000                              jmp return_clscr
   312                                  
   313 0000020B 5F                      return_clscr:   pop di
   314 0000020C 07                                      pop es
   315 0000020D 58                                      pop ax
   316 0000020E 5D                                      pop bp
   317 0000020F C3                                      ret
   318                                  
   319                                  
   320 00000210 55                      blue_background:    push bp
   321 00000211 89E5                                        mov bp,sp
   322 00000213 50                                          push ax
   323 00000214 57                                          push di
   324 00000215 06                                          push es
   325 00000216 31FF                                        xor di,di
   326 00000218 B800B8                                      mov ax,0xb800
   327 0000021B 8EC0                                        mov es,ax
   328 0000021D B82010                                      mov ax,1020h
   329 00000220 E90000                                      jmp background_loop
   330                                  
   331 00000223 268905                  background_loop:    mov [es:di],ax
   332 00000226 81C70200                                    add di,2
   333 0000022A 81FFA00F                                    cmp di,4000
   334 0000022E 75F3                                        jnz background_loop
   335 00000230 E90000                                      jmp ret_back
   336                                  
   337                                  
   338 00000233 07                      ret_back:   pop es
   339 00000234 5F                                  pop di
   340 00000235 58                                  pop ax
   341 00000236 5D                                  pop bp
   342 00000237 C3                                  ret
   343                                  
   344                                  
   345 00000238 55                      boundry:  push bp
   346 00000239 89E5                            mov bp,sp
   347 0000023B 50                              push ax
   348 0000023C 06                              push es
   349 0000023D 57                              push di
   350 0000023E 56                              push si
   351 0000023F B800B8                          mov ax,0xb800
   352 00000242 8EC0                            mov es,ax
   353 00000244 31FF                            xor di,di
   354 00000246 B8CD1B                          mov ax,0x1BCD
   355 00000249 E90000                          jmp upper_loop
   356                                  
   357                                  
   358 0000024C 268905                  upper_loop:     mov [es:di],ax
   359 0000024F 81C70200                                add di,2
   360 00000253 81FFA000                                cmp di,160
   361 00000257 75F3                                    jnz upper_loop
   362 00000259 81EF0200                                sub di,2
   363 0000025D B8BA1B                                  mov ax,0x1BBA
   364 00000260 E90000                                  jmp right_loop
   365                                  
   366 00000263 268905                  right_loop:     mov [es:di],ax
   367 00000266 81C7A000                                add di,160
   368 0000026A 81FFA00F                                cmp di,4000
   369 0000026E 7CF3                                    jl right_loop
   370 00000270 81EFA000                                sub di,160
   371 00000274 B8CD1B                                  mov ax,0x1BCD
   372 00000277 E90000                                  jmp down_loop
   373                                  
   374 0000027A 268905                  down_loop:      mov [es:di],ax
   375 0000027D 81EF0200                                sub di,2
   376 00000281 81FF000F                                cmp di,0x0F00
   377 00000285 7DF3                                    jge down_loop
   378 00000287 81C70200                                add di,2
   379 0000028B B8BA1B                                  mov ax,0x1BBA
   380 0000028E E90000                                  jmp left_loop
   381                                  
   382 00000291 268905                  left_loop:      mov [es:di],ax
   383 00000294 81EFA000                                sub di,160
   384 00000298 81FF0000                                cmp di,0
   385 0000029C 7FF3                                    jg left_loop
   386                                                  ; correcting borders, i think if i first compare in loop and make the borders in loop
   387                                                  ; that would be more computationaly expensive
   388 0000029E BF0000                                  mov di,0        ; top left
   389 000002A1 B8C91B                                  mov ax,0x1BC9   
   390 000002A4 268905                                  mov [es:di],ax
   391 000002A7 BF9E00                                  mov di,158      ; top right
   392 000002AA B8BB1B                                  mov ax,0x1BBB
   393 000002AD 268905                                  mov [es:di],ax
   394 000002B0 BF9E0F                                  mov di,3998     ; bottom right
   395 000002B3 B8BC1B                                  mov ax,0x1BBC
   396 000002B6 268905                                  mov [es:di],ax
   397 000002B9 BF000F                                  mov di,0x0F00   ;bottom left
   398 000002BC B8C81B                                  mov ax,0x1BC8
   399 000002BF 268905                                  mov [es:di],ax
   400 000002C2 E90000                                  jmp panes
   401                                  
   402 000002C5 BF5000                  panes:  mov di,80
   403 000002C8 BE4E00                          mov si,78
   404 000002CB B8BA1B                          mov ax,1BBAh
   405 000002CE 268904                  @here   mov [es:si],ax
   406 000002D1 268905                          mov [es:di],ax
   407 000002D4 81C6A000                        add si,160
   408 000002D8 81C7A000                        add di,160
   409 000002DC 81FF000F                        cmp di,0x0F00
   410 000002E0 7EEC                            jle @here
   411                                          ; now correcting the boundries of the panes
   412 000002E2 BF4E00                          mov di,78       ; for the ╗ of left pane
   413 000002E5 B8BB1B                          mov ax,0x1BBB
   414 000002E8 268905                          mov [es:di],ax
   415 000002EB 81C70200                        add di,2        ; for the ╔ of right pane
   416 000002EF B8C91B                          mov ax,0x1BC9
   417 000002F2 268905                          mov [es:di],ax
   418 000002F5 BF4E0F                          mov di,0x0F4E   ; for the boundry of first pane's bottom right
   419 000002F8 B8BC1B                          mov ax,0x1BBC
   420 000002FB 268905                          mov [es:di],ax
   421 000002FE 81C70200                        add di,2        ; for the boundry of second pane's bottom left
   422 00000302 B8C81B                          mov ax,0x1BC8
   423 00000305 268905                          mov [es:di],ax
   424 00000308 E90000                          jmp return_boundry
   425                                  
   426 0000030B 5E                      return_boundry: pop si
   427 0000030C 5F                                      pop di
   428 0000030D 07                                      pop es
   429 0000030E 58                                      pop ax
   430 0000030F 5D                                      pop bp
   431 00000310 C3                                      ret
   432                                  
   433                                  
   434                                  
   435 00000311 55                      print:  push bp
   436 00000312 89E5                            mov bp,sp
   437 00000314 50                              push ax
   438 00000315 53                              push bx
   439 00000316 56                              push si
   440 00000317 57                              push di
   441 00000318 06                              push es
   442 00000319 31F6                            xor si,si
   443 0000031B 31FF                            xor di,di
   444 0000031D B800B8                          mov ax,0xb800
   445 00000320 8EC0                            mov es,ax
   446 00000322 31C0                            xor ax,ax
   447 00000324 31DB                            xor bx,bx
   448                                          
   449 00000326 8B760A                          mov si,[bp+10]
   450 00000329 B350                            mov bl,80
   451 0000032B 8A4606                          mov al,[bp+6]
   452 0000032E F6E3                            mul bl
   453 00000330 8A5E04                          mov bl,[bp+4]
   454 00000333 01D8                            add ax,bx
   455 00000335 D1E0                            shl ax,1
   456 00000337 89C7                            mov di,ax
   457 00000339 31C0                            xor ax,ax
   458 0000033B 8A6608                          mov ah,[bp+8]
   459 0000033E E90000                          jmp print_loop
   460                                  
   461 00000341 8A04                    print_loop:     mov al,[si]
   462 00000343 3C00                                    cmp al,0
   463 00000345 740A                                    jz return_print
   464 00000347 268905                                  mov [es:di],ax
   465 0000034A 46                                      inc si
   466 0000034B 81C70200                                add di,2
   467 0000034F EBF0                                    jmp print_loop
   468                                  
   469 00000351 07                      return_print:   pop es
   470 00000352 5F                                      pop di
   471 00000353 5E                                      pop si
   472 00000354 5B                                      pop bx
   473 00000355 58                                      pop ax
   474 00000356 5D                                      pop bp
   475 00000357 C20800                                  ret 8
   476                                  
   477                                  
   478 0000035A 55                      print_verticle: push bp
   479 0000035B 89E5                                    mov bp,sp
   480 0000035D 50                                      push ax
   481 0000035E 53                                      push bx
   482 0000035F 57                                      push di
   483 00000360 06                                      push es
   484 00000361 B800B8                                  mov ax,0xb800
   485 00000364 8EC0                                    mov es,ax
   486 00000366 31C0                                    xor ax,ax
   487 00000368 31DB                                    xor bx,bx
   488                                  
   489                                                  ; calculated the position of the source from where we have to start printing
   490 0000036A 8A4608                                  mov al,[bp+8]
   491 0000036D B350                                    mov bl,80
   492 0000036F F6E3                                    mul bl
   493 00000371 8A5E06                                  mov bl,[bp+6]
   494 00000374 01D8                                    add ax,bx
   495 00000376 D1E0                                    shl ax,1
   496 00000378 89C7                                    mov di,ax
   497                                  
   498 0000037A 31C0                                    xor ax,ax
   499 0000037C 31DB                                    xor bx,bx
   500                                  
   501                                                 ; calculated the position of the destination uptil where we have to print
   502 0000037E 8A4604                                  mov al,[bp+4]
   503 00000381 B350                                    mov bl,80
   504 00000383 F6E3                                    mul bl
   505 00000385 8A5E06                                  mov bl,[bp+6]
   506 00000388 01D8                                    add ax,bx
   507 0000038A D1E0                                    shl ax,1
   508 0000038C 89C3                                    mov bx,ax
   509                                                  
   510                                                  ; moved the character and the attribute in the ax register
   511 0000038E 8A460C                                  mov al,[bp+12]
   512 00000391 8A660A                                  mov ah,[bp+10]
   513 00000394 E90000                                  jmp vert_loop
   514                                  
   515 00000397 268905                  vert_loop:      mov [es:di],ax
   516 0000039A 81C7A000                                add di,160
   517 0000039E 39DF                                    cmp di,bx
   518 000003A0 7EF5                                    jle vert_loop
   519 000003A2 E90000                                  jmp return_vert
   520                                  
   521 000003A5 07                      return_vert:    pop es
   522 000003A6 5F                                      pop di
   523 000003A7 5B                                      pop bx
   524 000003A8 58                                      pop ax
   525 000003A9 5D                                      pop bp
   526 000003AA C20A00                                  ret 10
   527                                  
   528                                  
   529                                  
   530                                  
   531 000003AD 55                      print_horizontal:       push bp
   532 000003AE 89E5                                            mov bp,sp
   533 000003B0 50                                              push ax
   534 000003B1 53                                              push bx
   535 000003B2 57                                              push di
   536 000003B3 06                                              push es
   537 000003B4 B800B8                                          mov ax,0xb800
   538 000003B7 8EC0                                            mov es,ax
   539 000003B9 31C0                                            xor ax,ax
   540 000003BB 31DB                                            xor bx,bx
   541                                  
   542                                                          ; calculated the position of the source from where we have to start printing
   543 000003BD 8A4608                                          mov al,[bp+8]
   544 000003C0 B350                                            mov bl,80
   545 000003C2 F6E3                                            mul bl
   546 000003C4 8A5E06                                          mov bl,[bp+6]
   547 000003C7 01D8                                            add ax,bx
   548 000003C9 D1E0                                            shl ax,1
   549 000003CB 89C7                                            mov di,ax
   550                                  
   551 000003CD 31C0                                            xor ax,ax
   552 000003CF 31DB                                            xor bx,bx
   553                                  
   554                                                          ;calculated the position of the destination uptil where we have to print
   555 000003D1 8A4608                                          mov al,[bp+8]
   556 000003D4 B350                                            mov bl,80
   557 000003D6 F6E3                                            mul bl
   558 000003D8 8A5E04                                          mov bl,[bp+4]
   559 000003DB 01D8                                            add ax,bx
   560 000003DD D1E0                                            shl ax,1
   561 000003DF 89C3                                            mov bx,ax
   562                                                  
   563                                                          ; moved the character and the attribute in the ax register
   564 000003E1 8A460C                                          mov al,[bp+12]
   565 000003E4 8A660A                                          mov ah,[bp+10]
   566 000003E7 E90000                                          jmp hori_loop
   567                                  
   568 000003EA 268905                  hori_loop:      mov [es:di],ax
   569 000003ED 81C70200                                add di,2
   570 000003F1 39DF                                    cmp di,bx
   571 000003F3 7EF5                                    jle hori_loop
   572 000003F5 E90000                                  jmp return_hori
   573                                  
   574 000003F8 07                      return_hori:    pop es
   575 000003F9 5F                                      pop di
   576 000003FA 5B                                      pop bx
   577 000003FB 58                                      pop ax
   578 000003FC 5D                                      pop bp
   579 000003FD C20A00                                  ret 10
   580                                  
   581                                  
   582                                  
   583 00000400 55                      highlight_row:  push bp
   584 00000401 89E5                                    mov bp,sp
   585 00000403 50                                      push ax
   586 00000404 53                                      push bx
   587 00000405 52                                      push dx
   588 00000406 56                                      push si
   589 00000407 57                                      push di
   590 00000408 06                                      push es
   591                                  
   592 00000409 B800B8                                  mov ax,0xb800
   593 0000040C 8EC0                                    mov es,ax
   594 0000040E 31DB                                    xor bx,bx
   595 00000410 31D2                                    xor dx,dx
   596 00000412 8B460E                                  mov ax,[bp+14]  ;active_pane
   597 00000415 3D0000                                  cmp ax,0
   598 00000418 7403                                    jz left_pane
   599 0000041A E91E00                                  jmp right_pane
   600                                  
   601 0000041D 8B460C                  left_pane:      mov ax,[bp+12]
   602 00000420 B350                                    mov bl,80
   603 00000422 F6E3                                    mul bl
   604 00000424 89C2                                    mov dx,ax
   605 00000426 8B5E0A                                  mov bx,[bp+10]  
   606 00000429 01D8                                    add ax,bx       ; ax contains the starting index
   607 0000042B D1E0                                    shl ax,1
   608 0000042D 8B5E08                                  mov bx,[bp+8]
   609 00000430 01DA                                    add dx,bx       ;dx contains the ending index
   610 00000432 D1E2                                    shl dx,1
   611 00000434 89C6                                    mov si,ax
   612 00000436 89D7                                    mov di,dx
   613 00000438 E91E00                                  jmp highlight_loop
   614                                  
   615                                  
   616 0000043B 8B460C                  right_pane:     mov ax,[bp+12]
   617 0000043E B350                                    mov bl,80
   618 00000440 F6E3                                    mul bl
   619 00000442 89C2                                    mov dx,ax
   620 00000444 8B5E06                                  mov bx,[bp+6]
   621 00000447 01D8                                    add ax,bx
   622 00000449 D1E0                                    shl ax,1
   623 0000044B 8B5E04                                  mov bx,[bp+4]
   624 0000044E 01DA                                    add dx,bx
   625 00000450 D1E2                                    shl dx,1
   626 00000452 89C6                                    mov si,ax
   627 00000454 89D7                                    mov di,dx
   628 00000456 E90000                                  jmp highlight_loop
   629                                  
   630 00000459 268B04                  highlight_loop: mov ax,[es:si]
   631 0000045C B431                                    mov ah,31h
   632 0000045E 268904                                  mov [es:si],ax
   633 00000461 81C60200                                add si,2
   634 00000465 39FE                                    cmp si,di
   635 00000467 7EF0                                    jle highlight_loop
   636 00000469 E90000                                  jmp return_highlight
   637                                  
   638 0000046C 07                      return_highlight:       pop es
   639 0000046D 5F                                              pop di
   640 0000046E 5E                                              pop si
   641 0000046F 5A                                              pop dx
   642 00000470 5B                                              pop bx
   643 00000471 58                                              pop ax
   644 00000472 5D                                              pop bp
   645 00000473 C20C00                                          ret 12
   646                                  
   647                                  
   648                                  
   649 00000476 55                      unhighlight_row:  push bp
   650 00000477 89E5                                    mov bp,sp
   651 00000479 50                                      push ax
   652 0000047A 53                                      push bx
   653 0000047B 52                                      push dx
   654 0000047C 56                                      push si
   655 0000047D 57                                      push di
   656 0000047E 06                                      push es
   657                                  
   658 0000047F B800B8                                  mov ax,0xb800
   659 00000482 8EC0                                    mov es,ax
   660 00000484 31DB                                    xor bx,bx
   661 00000486 31D2                                    xor dx,dx
   662 00000488 8B460E                                  mov ax,[bp+14]  ;active_pane
   663 0000048B 3D0000                                  cmp ax,0
   664 0000048E 7403                                    jz unleft_pane
   665 00000490 E91E00                                  jmp unright_pane
   666                                  
   667 00000493 8B460C                  unleft_pane:      mov ax,[bp+12]
   668 00000496 B350                                    mov bl,80
   669 00000498 F6E3                                    mul bl
   670 0000049A 89C2                                    mov dx,ax
   671 0000049C 8B5E0A                                  mov bx,[bp+10]  
   672 0000049F 01D8                                    add ax,bx       ; ax contains the starting index
   673 000004A1 D1E0                                    shl ax,1
   674 000004A3 8B5E08                                  mov bx,[bp+8]
   675 000004A6 01DA                                    add dx,bx       ;dx contains the ending index
   676 000004A8 D1E2                                    shl dx,1
   677 000004AA 89C6                                    mov si,ax
   678 000004AC 89D7                                    mov di,dx
   679 000004AE E91E00                                  jmp unhighlight_loop
   680                                  
   681                                  
   682 000004B1 8B460C                  unright_pane:     mov ax,[bp+12]
   683 000004B4 B350                                    mov bl,80
   684 000004B6 F6E3                                    mul bl
   685 000004B8 89C2                                    mov dx,ax
   686 000004BA 8B5E06                                  mov bx,[bp+6]
   687 000004BD 01D8                                    add ax,bx
   688 000004BF D1E0                                    shl ax,1
   689 000004C1 8B5E04                                  mov bx,[bp+4]
   690 000004C4 01DA                                    add dx,bx
   691 000004C6 D1E2                                    shl dx,1
   692 000004C8 89C6                                    mov si,ax
   693 000004CA 89D7                                    mov di,dx
   694 000004CC E90000                                  jmp unhighlight_loop
   695                                  
   696 000004CF 268B04                  unhighlight_loop: mov ax,[es:si]
   697 000004D2 B41B                                    mov ah,1Bh
   698 000004D4 268904                                  mov [es:si],ax
   699 000004D7 81C60200                                add si,2
   700 000004DB 39FE                                    cmp si,di
   701 000004DD 7EF0                                    jle unhighlight_loop
   702 000004DF E90000                                  jmp return_unhighlight
   703                                  
   704 000004E2 07                      return_unhighlight:       pop es
   705 000004E3 5F                                              pop di
   706 000004E4 5E                                              pop si
   707 000004E5 5A                                              pop dx
   708 000004E6 5B                                              pop bx
   709 000004E7 58                                              pop ax
   710 000004E8 5D                                              pop bp
   711 000004E9 C20C00                                          ret 12
   712                                  
   713                                  
   714                                  
   715                                  
   716                                  
   717                                  
   718                                  exit:   
   719 000004EC B8004C                          mov ax,4c00h
   720 000004EF CD21                            int 21h
   721                                  
   722                                  
   723 000004F1 4E616D6500              Mystr1: db "Name",0
   724 000004F6 1E                      attribute: db 0x1E
   725 000004F7 01                      row1:  db 1
   726 000004F8 08                      cols1: db 8
   727                                  
   728                                  
   729 000004F9 53697A6500              Mystr2: db "Size",0
   730 000004FE 01                      row2:  db 1
   731 000004FF 18                      cols2: db 24 
   732                                  
   733                                  
   734 00000500 4461746500              Mystr3: db "Date",0
   735 00000505 01                      row3:  db 1
   736 00000506 21                      cols3: db 33
   737                                  
   738 00000507 01                      row4: db 1  
   739 00000508 30                      cols4: db 48
   740                                  
   741 00000509 01                      row5: db 1
   742 0000050A 40                      cols5: db 64
   743                                  
   744 0000050B 01                      row6: db 1
   745 0000050C 49                      cols6: db 73
   746                                  
   747                                  
   748 0000050D B3                      Mychar: db 0xB3
   749 0000050E 1B                      attr: db 0x1B
   750                                  
   751 0000050F 01                      v_row1: db 1
   752 00000510 1E                      v_cols1: db 30
   753 00000511 16                      dest_row1: db 22
   754                                  
   755                                  
   756 00000512 01                      v_row2: db 1
   757 00000513 14                      v_cols2: db 20
   758 00000514 16                      dest_row2: db 22
   759                                  
   760                                  
   761 00000515 01                      v_row3: db 1
   762 00000516 46                      v_cols3: db 70
   763 00000517 16                      dest_row3: db 22
   764                                  
   765 00000518 01                      v_row4: db 1
   766 00000519 3C                      v_cols4: db 60
   767 0000051A 16                      dest_row4: db 22
   768                                  
   769                                  
   770                                  
   771                                  
   772 0000051B C4                      h_Mychar: db 0xC4
   773 0000051C 1B                      h_attr: db 0x1B
   774 0000051D 16                      h_row: db 22
   775 0000051E 01                      h_cols: db 1
   776 0000051F 4E                      dest_col: db 78
   777                                  
   778                                  
   779                                  ;===============================================================================================================
   780                                  
   781 00000520 00                      active_pane: db 0
   782 00000521 02                      current_row: db 2
   783 00000522 01                      l_start_cols: db 1
   784 00000523 26                      l_end_cols: db 38
   785 00000524 29                      r_start_cols: db 41
   786 00000525 4E                      r_end_cols: db 78
   787                                  
