     1                                  org 100h
     2 00000000 E90000                  jmp start
     3                                  
     4                                  start:  
     5                                  
     6 00000003 B447                            mov ah, 47h
     7 00000005 B200                            mov dl, 0
     8 00000007 BE[5A0E]                        mov si, left_path + 1
     9 0000000A CD21                            int 21h
    10                                  
    11 0000000C B447                            mov ah, 47h
    12 0000000E B200                            mov dl, 0
    13 00000010 BE[9B0E]                        mov si, right_path + 1
    14 00000013 CD21                            int 21h
    15                                  
    16 00000015 C606[2209]01                    mov byte [active_pane],1
    17 0000001A E8FD00                          call load_directories
    18                                  
    19 0000001D C606[2209]00                    mov byte [active_pane],0
    20 00000022 E8F500                          call load_directories
    21                                  
    22                                  refresh_screens:
    23                                  
    24                                  
    25 00000025 E8D001                          call initialize_ui
    26 00000028 B80000                          mov ax,0                ; pane index: left pane
    27 0000002B 50                              push ax
    28 0000002C B80100                          mov ax,1                ; screen column: left pane
    29 0000002F 50                              push ax
    30 00000030 E8CC06                          call file_extract
    31                                  
    32 00000033 B80100                          mov ax,1                ; pane index: right pane
    33 00000036 50                              push ax
    34 00000037 B82900                          mov ax,41               ; screen column: right pane
    35 0000003A 50                              push ax
    36 0000003B E8C106                          call file_extract  
    37                                  
    38 0000003E E89400                          call main_highlight
    39 00000041 E90000                          jmp main_loop
    40                                  
    41                                  
    42 00000044 B400                    main_loop:      mov ah,00h      ;waiting for the user to press the key
    43 00000046 CD16                                    int 16h
    44                                  
    45 00000048 3C1B                                    cmp al,1Bh        ; if it is escape, just exit
    46 0000004A 0F84C700                                je near exit
    47                                  
    48 0000004E 3C09                                    cmp al,09h      ; if it is tab swictn panes
    49 00000050 7412                                    je switch_panes
    50                                  
    51 00000052 80FC48                                  cmp ah,48h      ; non extended keys like tab and escape are captured by AL else extended keys like
    52 00000055 744A                                    je move_up      ; arrow keys are captured by AH
    53                                                        
    54 00000057 80FC50                                  cmp ah,50h
    55 0000005A 745F                                    je move_down
    56                                  
    57 0000005C 3C0D                                    cmp al,0Dh
    58 0000005E 0F844001                                je near enter_directory
    59                                  
    60 00000062 EBE0                                    jmp main_loop   ;if any other key is pressed just wait again
    61                                  
    62                                  
    63 00000064 E88E00                  switch_panes:   call main_unhighlight
    64 00000067 803E[2209]00                            cmp byte [active_pane],0     
    65 0000006C 7418                                    je switch_to_right_pane
    66                                  
    67 0000006E B447                    switch_to_left_pane:    mov ah,47h
    68 00000070 B200                                            mov dl,0
    69 00000072 BE[9B0E]                                        mov si,right_path+1
    70 00000075 CD21                                            int 21h
    71                                  
    72 00000077 C606[2209]00                                    mov byte [active_pane],0
    73                                  
    74 0000007C B43B                                            mov ah,3Bh
    75 0000007E BA[590E]                                        mov dx,left_path
    76 00000081 CD21                                            int 21h
    77 00000083 E91800                                          jmp end_switch
    78                                  
    79 00000086 B447                    switch_to_right_pane:   mov ah,47h      ; store the current directory in the buffer i gave
    80 00000088 B200                                            mov dl,0        ; 0 = Default Drive
    81 0000008A BE[5A0E]                                        mov si,left_path+1      ; +1 skips our hardcoded '\'
    82 0000008D CD21                                            int 21h
    83                                  
    84 0000008F C606[2209]01                                    mov byte [active_pane],1
    85                                  
    86 00000094 B43B                                            mov ah,3Bh
    87 00000096 BA[9A0E]                                        mov dx,right_path       ; do not include the +1 as we are just reading the path
    88 00000099 CD21                                            int 21h
    89 0000009B E90000                                          jmp end_switch
    90                                  
    91                                  
    92                                  
    93 0000009E E93400                  end_switch:     jmp main_highlight
    94                                  
    95                                          
    96                                  
    97 000000A1 E85100                  move_up:        call main_unhighlight
    98 000000A4 A0[2309]                                mov al,[current_row]
    99 000000A7 3C02                                    cmp al,2
   100 000000A9 7408                                    je first_row
   101 000000AB FEC8                                    dec al
   102 000000AD A2[2309]                                mov [current_row],al
   103 000000B0 E92200                                  jmp main_highlight
   104                                  
   105 000000B3 B015                    first_row:      mov al,21
   106 000000B5 A2[2309]                                mov [current_row],al
   107 000000B8 E91A00                                  jmp main_highlight
   108                                  
   109                                  
   110 000000BB E83700                  move_down:      call main_unhighlight
   111 000000BE A0[2309]                                mov al,[current_row]
   112 000000C1 3C15                                    cmp al,21       ;last row that can be accessed
   113 000000C3 7408                                    je last_row
   114 000000C5 FEC0                                    inc al
   115 000000C7 A2[2309]                                mov [current_row],AL
   116 000000CA E90800                                  jmp main_highlight
   117                                                  
   118 000000CD B002                    last_row:       mov al,2 ; first accessible row
   119 000000CF A2[2309]                                mov [current_row],al
   120 000000D2 E90000                                  jmp main_highlight
   121                                  
   122                                  
   123                                  
   124 000000D5 31C0                    main_highlight: xor ax,ax
   125 000000D7 A0[2209]                                mov al,[active_pane]
   126 000000DA 50                                      push ax
   127 000000DB A0[2309]                                mov al,[current_row]
   128 000000DE 50                                      push ax
   129 000000DF A0[2409]                                mov al,[l_start_cols]
   130 000000E2 50                                      push ax
   131 000000E3 A0[2509]                                mov al,[l_end_cols]
   132 000000E6 50                                      push ax
   133 000000E7 A0[2609]                                mov al,[r_start_cols]
   134 000000EA 50                                      push ax
   135 000000EB A0[2709]                                mov al,[r_end_cols]
   136 000000EE 50                                      push ax
   137 000000EF E82105                                  call highlight_row
   138 000000F2 E94FFF                                  jmp main_loop
   139                                  
   140                                  
   141                                  
   142 000000F5 50                      main_unhighlight:       push ax
   143 000000F6 31C0                                            xor ax,ax
   144 000000F8 A0[2209]                                        mov al,[active_pane]
   145 000000FB 50                                              push ax
   146 000000FC A0[2309]                                        mov al,[current_row]
   147 000000FF 50                                              push ax
   148 00000100 A0[2409]                                        mov al,[l_start_cols]
   149 00000103 50                                              push ax
   150 00000104 A0[2509]                                        mov al,[l_end_cols]
   151 00000107 50                                              push ax
   152 00000108 A0[2609]                                        mov al,[r_start_cols]
   153 0000010B 50                                              push ax
   154 0000010C A0[2709]                                        mov al,[r_end_cols]
   155 0000010F 50                                              push ax
   156 00000110 E87605                                          call unhighlight_row
   157 00000113 58                                              pop ax
   158 00000114 C3                                              ret
   159                                  
   160                                  
   161                                  
   162                                  
   163                                  
   164                                  exit:   
   165 00000115 B8004C                          mov ax,4c00h
   166 00000118 CD21                            int 21h
   167                                  
   168                                  
   169                                  
   170                                  %include "dirs.asm"
   171 0000011A 50                  <1> load_directories:   push ax
   172 0000011B 53                  <1>                     push bx
   173 0000011C 51                  <1>                     push cx
   174 0000011D 52                  <1>                     push dx
   175 0000011E 56                  <1>                     push si
   176 0000011F 57                  <1>                     push di
   177                              <1> 
   178 00000120 B41A                <1>                     mov ah, 1Ah             ; "Hello DOS, I want to use extension 1Ah (Set DTA)"
   179 00000122 BA[2C09]            <1>                     mov dx, dta_buffer      ; "Here is the memory address of my 43-byte mailbox"
   180 00000125 CD21                <1>                     int 21h                 ; CALL DOS! DOS registers the address and returns instantly.
   181                              <1> 
   182 00000127 B44E                <1>                     mov ah, 4Eh             ; "Hello DOS, extension 4Eh (Find First File) please"
   183 00000129 B91000              <1>                     mov cx, 10h             ; "I am looking for Normal Files AND Directories (10h)"
   184 0000012C BA[2809]            <1>                     mov dx, search_string   ; "Here is my search query: *.*"
   185 0000012F CD21                <1>                     int 21h                 ; CALL DOS! (DOS spins the hard drive and fills the DTA)
   186                              <1> 
   187                              <1>                     ; SAFETY CHECK
   188 00000131 7268                <1>                     jc return_dirs        ; "jc" means Jump if Carry. If the hard drive is empty or 
   189                              <1>                                             ; broken, DOS sets the Carry Flag to 1. We jump to the end.
   190                              <1> 
   191 00000133 31F6                <1>                     xor si,si
   192 00000135 31FF                <1>                     xor di,di
   193 00000137 803E[2209]00        <1>                     cmp byte [active_pane],0
   194 0000013C 7508                <1>                     jne second_pane
   195                              <1> 
   196 0000013E BF[5709]            <1>                     mov di,left_file_list
   197 00000141 31DB                <1>                     xor bx,bx
   198 00000143 E90800              <1>                     jmp copy_loop
   199                              <1> 
   200                              <1> 
   201 00000146 BF[D80B]            <1> second_pane:    mov di,right_file_list
   202 00000149 31DB                <1>                 xor bx,bx
   203 0000014B E90000              <1>                 jmp copy_loop
   204                              <1> 
   205                              <1> 
   206 0000014E A0[4109]            <1> copy_loop:  mov al,[dta_buffer+21]  ;attribute
   207 00000151 88450D              <1>             mov [di+13],al
   208                              <1> 
   209 00000154 A1[4209]            <1>             mov ax,[dta_buffer+22]
   210 00000157 894514              <1>             mov [di+20],ax
   211                              <1> 
   212 0000015A A1[4409]            <1>             mov ax,[dta_buffer+24]
   213 0000015D 894512              <1>             mov [di+18],ax
   214                              <1> 
   215 00000160 A1[4609]            <1>             mov ax,[dta_buffer+26]
   216 00000163 89450E              <1>             mov [di+14],ax
   217                              <1> 
   218 00000166 A1[4809]            <1>             mov ax,[dta_buffer+28]
   219 00000169 894510              <1>             mov [di+16],ax
   220                              <1> 
   221 0000016C BE[4A09]            <1>             mov si,dta_buffer+30
   222 0000016F B90D00              <1>             mov cx,13
   223 00000172 57                  <1>             push di
   224 00000173 E90000              <1>             jmp name_loop
   225                              <1>             
   226                              <1> 
   227 00000176 8A04                <1> name_loop:  mov al,[si]
   228 00000178 8805                <1>             mov [di],al
   229 0000017A 46                  <1>             inc si
   230 0000017B 47                  <1>             inc di
   231 0000017C 81E90100            <1>             sub cx,1
   232 00000180 75F4                <1>             jnz name_loop
   233                              <1> 
   234 00000182 5F                  <1>             pop di
   235                              <1> 
   236 00000183 81C72000            <1>             add di,32
   237 00000187 43                  <1>             inc bx
   238                              <1> 
   239 00000188 81FB1400            <1>             cmp bx,20
   240 0000018C 7409                <1>             je end_marker
   241                              <1> 
   242 0000018E B44F                <1>             mov ah,4Fh
   243 00000190 CD21                <1>             int 21h
   244 00000192 73BA                <1>             jnc copy_loop
   245 00000194 E90000              <1>             jmp end_marker
   246                              <1> 
   247                              <1> 
   248 00000197 B0FF                <1> end_marker: mov al,0FFh
   249 00000199 8805                <1>             mov [di],al
   250                              <1> 
   251 0000019B 5F                  <1> return_dirs:    pop di
   252 0000019C 5E                  <1>                 pop si
   253 0000019D 5A                  <1>                 pop dx
   254 0000019E 59                  <1>                 pop cx
   255 0000019F 5B                  <1>                 pop bx
   256 000001A0 58                  <1>                 pop ax
   257 000001A1 C3                  <1>                 ret
   258                              <1>     
   259                              <1> 
   260                              <1> 
   261                              <1> 
   262 000001A2 50                  <1> enter_directory:    push ax
   263 000001A3 53                  <1>                     push bx
   264 000001A4 51                  <1>                     push cx
   265 000001A5 52                  <1>                     push dx
   266 000001A6 56                  <1>                     push si
   267 000001A7 31C0                <1>                     xor ax,ax
   268 000001A9 31DB                <1>                     xor bx,bx
   269                              <1>                     
   270 000001AB A1[2309]            <1>                     mov ax,[current_row]
   271 000001AE 2D0200              <1>                     sub ax,2
   272 000001B1 B320                <1>                     mov bl,32
   273 000001B3 F6E3                <1>                     mul bl
   274 000001B5 89C3                <1>                     mov bx,ax
   275                              <1> 
   276 000001B7 803E[2209]00        <1>                     cmp byte [active_pane],0
   277 000001BC 752A                <1>                     jne second_pane_dir
   278 000001BE BE[5709]            <1>                     mov si,left_file_list
   279                              <1> 
   280                              <1> 
   281                              <1> @here_second_pane_dir:
   282 000001C1 31C0                <1>                     xor ax,ax
   283 000001C3 8B400D              <1>                     mov ax,[si+bx+13]
   284 000001C6 3C10                <1>                     cmp al,10h
   285 000001C8 0F85B906            <1>                     jne near view_file   ; i would already have si and bx
   286                              <1> 
   287 000001CC 89F2                <1>                     mov dx,si
   288 000001CE 01DA                <1>                     add dx,bx
   289 000001D0 B43B                <1>                     mov ah,3Bh
   290 000001D2 CD21                <1>                     int 21h
   291 000001D4 720A                <1>                     jc dir_error
   292                              <1> 
   293 000001D6 5E                  <1>                     pop si
   294 000001D7 5A                  <1>                     pop dx
   295 000001D8 5B                  <1>                     pop bx
   296 000001D9 58                  <1>                     pop ax
   297                              <1>                     
   298 000001DA E83DFF              <1>                     call load_directories
   299 000001DD E945FE              <1>                     jmp refresh_screens
   300                              <1> 
   301 000001E0 5E                  <1> dir_error:          pop si
   302 000001E1 5A                  <1>                     pop dx
   303 000001E2 59                  <1>                     pop cx
   304 000001E3 5B                  <1>                     pop bx
   305 000001E4 58                  <1>                     pop ax
   306 000001E5 E95CFE              <1>                     jmp main_loop
   307                              <1> 
   308 000001E8 BE[D80B]            <1> second_pane_dir:    mov si,right_file_list
   309 000001EB EBD4                <1>                     jmp @here_second_pane_dir
   310                              <1> 
   311 000001ED 5E                  <1> return_enterdir:    pop si
   312 000001EE 5A                  <1>                     pop dx
   313 000001EF 59                  <1>                     pop cx
   314 000001F0 5B                  <1>                     pop bx
   315 000001F1 58                  <1>                     pop ax
   316 000001F2 E825FF              <1>                     call load_directories
   317 000001F5 E94CFE              <1>                     jmp main_loop
   318                              <1> 
   319                              <1> 
   320                              <1>                     
   321                              <1> 
   322                              <1> 
   323                              <1> 
   324                              <1> 
   325                                  %include "init_ui.asm"
   326 000001F8 E81703              <1> initialize_ui:  call blue_background
   327 000001FB E83C03              <1>                 call boundry
   328                              <1> 
   329                              <1> 
   330 000001FE B8[F308]            <1>                 mov ax,Mystr1
   331 00000201 50                  <1>                 push ax
   332 00000202 A1[F808]            <1>                 mov ax,[attribute]
   333 00000205 50                  <1>                 push ax
   334 00000206 A1[F908]            <1>                 mov ax,[row1]
   335 00000209 50                  <1>                 push ax
   336 0000020A A1[FA08]            <1>                 mov ax,[cols1]
   337 0000020D 50                  <1>                 push ax
   338 0000020E E80A01              <1>                 call print  
   339                              <1> 
   340                              <1> 
   341 00000211 B8[FB08]            <1>                 mov ax,Mystr2
   342 00000214 50                  <1>                 push ax
   343 00000215 A1[F808]            <1>                 mov ax,[attribute]
   344 00000218 50                  <1>                 push ax
   345 00000219 A1[0009]            <1>                 mov ax,[row2]
   346 0000021C 50                  <1>                 push ax
   347 0000021D A1[0109]            <1>                 mov ax,[cols2]
   348 00000220 50                  <1>                 push ax
   349 00000221 E8F700              <1>                 call print
   350                              <1> 
   351                              <1> 
   352 00000224 B8[0209]            <1>                 mov ax,Mystr3
   353 00000227 50                  <1>                 push ax
   354 00000228 A1[F808]            <1>                 mov ax,[attribute]
   355 0000022B 50                  <1>                 push ax
   356 0000022C A1[0709]            <1>                 mov ax,[row3]
   357 0000022F 50                  <1>                 push ax
   358 00000230 A1[0809]            <1>                 mov ax,[cols3]
   359 00000233 50                  <1>                 push ax
   360 00000234 E8E400              <1>                 call print
   361                              <1> 
   362 00000237 B8[F308]            <1>                 mov ax,Mystr1
   363 0000023A 50                  <1>                 push ax
   364 0000023B A1[F808]            <1>                 mov ax,[attribute]
   365 0000023E 50                  <1>                 push ax
   366 0000023F A1[0909]            <1>                 mov ax,[row4]
   367 00000242 50                  <1>                 push ax
   368 00000243 A1[0A09]            <1>                 mov ax,[cols4]
   369 00000246 50                  <1>                 push ax
   370 00000247 E8D100              <1>                 call print
   371                              <1> 
   372 0000024A B8[FB08]            <1>                 mov ax,Mystr2
   373 0000024D 50                  <1>                 push ax
   374 0000024E A1[F808]            <1>                 mov ax,[attribute]
   375 00000251 50                  <1>                 push ax
   376 00000252 A1[0B09]            <1>                 mov ax,[row5]
   377 00000255 50                  <1>                 push ax
   378 00000256 A1[0C09]            <1>                 mov ax,[cols5]
   379 00000259 50                  <1>                 push ax
   380 0000025A E8BE00              <1>                 call print
   381                              <1> 
   382 0000025D B8[0209]            <1>                 mov ax,Mystr3
   383 00000260 50                  <1>                 push ax
   384 00000261 A1[F808]            <1>                 mov ax,[attribute]
   385 00000264 50                  <1>                 push ax
   386 00000265 A1[0D09]            <1>                 mov ax,[row6]
   387 00000268 50                  <1>                 push ax
   388 00000269 A1[0E09]            <1>                 mov ax,[cols6]
   389 0000026C 50                  <1>                 push ax
   390 0000026D E8AB00              <1>                 call print
   391                              <1> 
   392                              <1> 
   393                              <1> 
   394                              <1> 
   395 00000270 A1[0F09]            <1>                 mov ax,[Mychar]
   396 00000273 50                  <1>                 push ax
   397 00000274 A1[1009]            <1>                 mov ax,[attr]
   398 00000277 50                  <1>                 push ax
   399 00000278 A1[1109]            <1>                 mov ax,[v_row1]
   400 0000027B 50                  <1>                 push ax
   401 0000027C A1[1209]            <1>                 mov ax,[v_cols1]
   402 0000027F 50                  <1>                 push ax
   403 00000280 A1[1309]            <1>                 mov ax,[dest_row1]
   404 00000283 50                  <1>                 push ax
   405 00000284 E80601              <1>                 call print_verticle
   406                              <1> 
   407 00000287 A1[0F09]            <1>                 mov ax,[Mychar]
   408 0000028A 50                  <1>                 push ax
   409 0000028B A1[1009]            <1>                 mov ax,[attr]
   410 0000028E 50                  <1>                 push ax
   411 0000028F A1[1409]            <1>                 mov ax,[v_row2]
   412 00000292 50                  <1>                 push ax
   413 00000293 A1[1509]            <1>                 mov ax,[v_cols2]
   414 00000296 50                  <1>                 push ax
   415 00000297 A1[1609]            <1>                 mov ax,[dest_row2]
   416 0000029A 50                  <1>                 push ax
   417 0000029B E8EF00              <1>                 call print_verticle
   418                              <1> 
   419                              <1> 
   420 0000029E A1[0F09]            <1>                 mov ax,[Mychar]
   421 000002A1 50                  <1>                 push ax
   422 000002A2 A1[1009]            <1>                 mov ax,[attr]
   423 000002A5 50                  <1>                 push ax
   424 000002A6 A1[1709]            <1>                 mov ax,[v_row3]
   425 000002A9 50                  <1>                 push ax
   426 000002AA A1[1809]            <1>                 mov ax,[v_cols3]
   427 000002AD 50                  <1>                 push ax
   428 000002AE A1[1909]            <1>                 mov ax,[dest_row3]
   429 000002B1 50                  <1>                 push ax
   430 000002B2 E8D800              <1>                 call print_verticle
   431                              <1> 
   432                              <1> 
   433 000002B5 A1[0F09]            <1>                 mov ax,[Mychar]
   434 000002B8 50                  <1>                 push ax
   435 000002B9 A1[1009]            <1>                 mov ax,[attr]
   436 000002BC 50                  <1>                 push ax
   437 000002BD A1[1A09]            <1>                 mov ax,[v_row4]
   438 000002C0 50                  <1>                 push ax
   439 000002C1 A1[1B09]            <1>                 mov ax,[v_cols4]
   440 000002C4 50                  <1>                 push ax
   441 000002C5 A1[1C09]            <1>                 mov ax,[dest_row4]
   442 000002C8 50                  <1>                 push ax
   443 000002C9 E8C100              <1>                 call print_verticle
   444                              <1> 
   445                              <1> 
   446 000002CC A1[1D09]            <1>                 mov ax,[h_Mychar]
   447 000002CF 50                  <1>                 push ax
   448 000002D0 A1[1E09]            <1>                 mov ax,[h_attr]
   449 000002D3 50                  <1>                 push ax
   450 000002D4 A1[1F09]            <1>                 mov ax,[h_row]
   451 000002D7 50                  <1>                 push ax
   452 000002D8 A1[2009]            <1>                 mov ax,[h_cols]
   453 000002DB 50                  <1>                 push ax
   454 000002DC A1[2109]            <1>                 mov ax,[dest_col]
   455 000002DF 50                  <1>                 push ax
   456 000002E0 E8FD00              <1>                 call print_horizontal
   457                              <1> 
   458 000002E3 B800B8              <1> fix_boundry:    mov ax,0xb800
   459 000002E6 8EC0                <1>                 mov es,ax
   460 000002E8 B8C11B              <1>                 mov ax,1BC1h
   461 000002EB BFE80D              <1>                 mov di,3560
   462 000002EE 268905              <1>                 mov [es:di],ax
   463 000002F1 81C71400            <1>                 add di,20
   464 000002F5 268905              <1>                 mov [es:di],ax
   465 000002F8 B8BA1B              <1>                 mov ax,1BBAh
   466 000002FB 81C71200            <1>                 add di,18  
   467 000002FF 268905              <1>                 mov [es:di],ax
   468 00000302 81C70200            <1>                 add di,2
   469 00000306 268905              <1>                 mov [es:di],ax
   470 00000309 B8C11B              <1>                 mov ax,1BC1h
   471 0000030C 81C72800            <1>                 add di,40
   472 00000310 268905              <1>                 mov [es:di],ax
   473 00000313 81C71400            <1>                 add di,20
   474 00000317 268905              <1>                 mov [es:di],ax
   475 0000031A C3                  <1>                 ret
   476                                  %include "helper.asm"
   477                              <1> 
   478 0000031B 55                  <1> print:  push bp
   479 0000031C 89E5                <1>         mov bp,sp
   480 0000031E 50                  <1>         push ax
   481 0000031F 53                  <1>         push bx
   482 00000320 56                  <1>         push si
   483 00000321 57                  <1>         push di
   484 00000322 06                  <1>         push es
   485 00000323 31F6                <1>         xor si,si
   486 00000325 31FF                <1>         xor di,di
   487 00000327 B800B8              <1>         mov ax,0xb800
   488 0000032A 8EC0                <1>         mov es,ax
   489 0000032C 31C0                <1>         xor ax,ax
   490 0000032E 31DB                <1>         xor bx,bx
   491                              <1>         
   492 00000330 8B760A              <1>         mov si,[bp+10]
   493 00000333 B350                <1>         mov bl,80
   494 00000335 8A4606              <1>         mov al,[bp+6]
   495 00000338 F6E3                <1>         mul bl
   496 0000033A 8A5E04              <1>         mov bl,[bp+4]
   497 0000033D 01D8                <1>         add ax,bx
   498 0000033F D1E0                <1>         shl ax,1
   499 00000341 89C7                <1>         mov di,ax
   500 00000343 31C0                <1>         xor ax,ax
   501 00000345 8A6608              <1>         mov ah,[bp+8]
   502 00000348 E90000              <1>         jmp print_loop
   503                              <1> 
   504 0000034B 8A04                <1> print_loop:     mov al,[si]
   505 0000034D 3C00                <1>                 cmp al,0
   506 0000034F 7412                <1>                 jz return_print
   507 00000351 3C0D                <1>                 cmp al,0Dh
   508 00000353 7417                <1>                 je carriage_return
   509 00000355 3C0A                <1>                 cmp al,0Ah
   510 00000357 7416                <1>                 je line_feed
   511 00000359 268905              <1>                 mov [es:di],ax
   512 0000035C 46                  <1>                 inc si
   513 0000035D 81C70200            <1>                 add di,2
   514 00000361 EBE8                <1>                 jmp print_loop
   515                              <1> 
   516 00000363 07                  <1> return_print:   pop es
   517 00000364 5F                  <1>                 pop di
   518 00000365 5E                  <1>                 pop si
   519 00000366 5B                  <1>                 pop bx
   520 00000367 58                  <1>                 pop ax
   521 00000368 5D                  <1>                 pop bp
   522 00000369 C20800              <1>                 ret 8
   523                              <1> 
   524 0000036C 46                  <1> carriage_return: inc si       ; we know the next character is LF so we just skip
   525 0000036D EBDC                <1>                  jmp print_loop
   526                              <1> 
   527 0000036F 50                  <1> line_feed:      push ax
   528 00000370 53                  <1>                 push bx
   529                              <1>                 
   530 00000371 89F8                <1>                 mov ax,di
   531 00000373 D1E8                <1>                 shr ax,1
   532 00000375 BB5000              <1>                 mov bx,80
   533 00000378 F6F3                <1>                 div bl
   534 0000037A 30E4                <1>                 xor ah,ah
   535 0000037C 050100              <1>                 add ax,1
   536 0000037F F6E3                <1>                 mul bl
   537                              <1> 
   538 00000381 050000              <1>                 add ax,0
   539 00000384 D1E0                <1>                 shl ax,1
   540 00000386 89C7                <1>                 mov di,ax
   541                              <1>                 
   542 00000388 5B                  <1>                 pop bx
   543 00000389 58                  <1>                 pop ax
   544 0000038A 46                  <1>                 inc si
   545 0000038B EBBE                <1>                 jmp print_loop
   546                              <1> 
   547                              <1> 
   548 0000038D 55                  <1> print_verticle: push bp
   549 0000038E 89E5                <1>                 mov bp,sp
   550 00000390 50                  <1>                 push ax
   551 00000391 53                  <1>                 push bx
   552 00000392 57                  <1>                 push di
   553 00000393 06                  <1>                 push es
   554 00000394 B800B8              <1>                 mov ax,0xb800
   555 00000397 8EC0                <1>                 mov es,ax
   556 00000399 31C0                <1>                 xor ax,ax
   557 0000039B 31DB                <1>                 xor bx,bx
   558                              <1> 
   559                              <1>                 ; calculated the position of the source from where we have to start printing
   560 0000039D 8A4608              <1>                 mov al,[bp+8]
   561 000003A0 B350                <1>                 mov bl,80
   562 000003A2 F6E3                <1>                 mul bl
   563 000003A4 8A5E06              <1>                 mov bl,[bp+6]
   564 000003A7 01D8                <1>                 add ax,bx
   565 000003A9 D1E0                <1>                 shl ax,1
   566 000003AB 89C7                <1>                 mov di,ax
   567                              <1> 
   568 000003AD 31C0                <1>                 xor ax,ax
   569 000003AF 31DB                <1>                 xor bx,bx
   570                              <1> 
   571                              <1>                ; calculated the position of the destination uptil where we have to print
   572 000003B1 8A4604              <1>                 mov al,[bp+4]
   573 000003B4 B350                <1>                 mov bl,80
   574 000003B6 F6E3                <1>                 mul bl
   575 000003B8 8A5E06              <1>                 mov bl,[bp+6]
   576 000003BB 01D8                <1>                 add ax,bx
   577 000003BD D1E0                <1>                 shl ax,1
   578 000003BF 89C3                <1>                 mov bx,ax
   579                              <1>                 
   580                              <1>                 ; moved the character and the attribute in the ax register
   581 000003C1 8A460C              <1>                 mov al,[bp+12]
   582 000003C4 8A660A              <1>                 mov ah,[bp+10]
   583 000003C7 E90000              <1>                 jmp vert_loop
   584                              <1> 
   585 000003CA 268905              <1> vert_loop:      mov [es:di],ax
   586 000003CD 81C7A000            <1>                 add di,160
   587 000003D1 39DF                <1>                 cmp di,bx
   588 000003D3 7EF5                <1>                 jle vert_loop
   589 000003D5 E90000              <1>                 jmp return_vert
   590                              <1> 
   591 000003D8 07                  <1> return_vert:    pop es
   592 000003D9 5F                  <1>                 pop di
   593 000003DA 5B                  <1>                 pop bx
   594 000003DB 58                  <1>                 pop ax
   595 000003DC 5D                  <1>                 pop bp
   596 000003DD C20A00              <1>                 ret 10
   597                              <1> 
   598                              <1> 
   599                              <1> 
   600                              <1> 
   601 000003E0 55                  <1> print_horizontal:       push bp
   602 000003E1 89E5                <1>                         mov bp,sp
   603 000003E3 50                  <1>                         push ax
   604 000003E4 53                  <1>                         push bx
   605 000003E5 57                  <1>                         push di
   606 000003E6 06                  <1>                         push es
   607 000003E7 B800B8              <1>                         mov ax,0xb800
   608 000003EA 8EC0                <1>                         mov es,ax
   609 000003EC 31C0                <1>                         xor ax,ax
   610 000003EE 31DB                <1>                         xor bx,bx
   611                              <1> 
   612                              <1>                         ; calculated the position of the source from where we have to start printing
   613 000003F0 8A4608              <1>                         mov al,[bp+8]
   614 000003F3 B350                <1>                         mov bl,80
   615 000003F5 F6E3                <1>                         mul bl
   616 000003F7 8A5E06              <1>                         mov bl,[bp+6]
   617 000003FA 01D8                <1>                         add ax,bx
   618 000003FC D1E0                <1>                         shl ax,1
   619 000003FE 89C7                <1>                         mov di,ax
   620                              <1> 
   621 00000400 31C0                <1>                         xor ax,ax
   622 00000402 31DB                <1>                         xor bx,bx
   623                              <1> 
   624                              <1>                         ;calculated the position of the destination uptil where we have to print
   625 00000404 8A4608              <1>                         mov al,[bp+8]
   626 00000407 B350                <1>                         mov bl,80
   627 00000409 F6E3                <1>                         mul bl
   628 0000040B 8A5E04              <1>                         mov bl,[bp+4]
   629 0000040E 01D8                <1>                         add ax,bx
   630 00000410 D1E0                <1>                         shl ax,1
   631 00000412 89C3                <1>                         mov bx,ax
   632                              <1>                 
   633                              <1>                         ; moved the character and the attribute in the ax register
   634 00000414 8A460C              <1>                         mov al,[bp+12]
   635 00000417 8A660A              <1>                         mov ah,[bp+10]
   636 0000041A E90000              <1>                         jmp hori_loop
   637                              <1> 
   638 0000041D 268905              <1> hori_loop:      mov [es:di],ax
   639 00000420 81C70200            <1>                 add di,2
   640 00000424 39DF                <1>                 cmp di,bx
   641 00000426 7EF5                <1>                 jle hori_loop
   642 00000428 E90000              <1>                 jmp return_hori
   643                              <1> 
   644 0000042B 07                  <1> return_hori:    pop es
   645 0000042C 5F                  <1>                 pop di
   646 0000042D 5B                  <1>                 pop bx
   647 0000042E 58                  <1>                 pop ax
   648 0000042F 5D                  <1>                 pop bp
   649 00000430 C20A00              <1>                 ret 10
   650                              <1> 
   651                              <1> 
   652 00000433 55                  <1> print_number:   push bp
   653 00000434 89E5                <1>                 mov bp,sp
   654 00000436 50                  <1>                 push ax
   655 00000437 53                  <1>                 push bx
   656 00000438 51                  <1>                 push cx
   657 00000439 52                  <1>                 push dx
   658 0000043A 56                  <1>                 push si
   659 0000043B 57                  <1>                 push di
   660 0000043C 06                  <1>                 push es
   661 0000043D B800B8              <1>                 mov ax,0xb800
   662 00000440 8EC0                <1>                 mov es,ax
   663                              <1> 
   664 00000442 31C0                <1>                 xor ax,ax
   665 00000444 31DB                <1>                 xor bx,bx
   666 00000446 31C9                <1>                 xor cx,cx
   667 00000448 31F6                <1>                 xor si,si
   668 0000044A 31FF                <1>                 xor di,di
   669                              <1> 
   670 0000044C 8B4606              <1>                 mov ax,[bp+6]   ;row
   671 0000044F B350                <1>                 mov bl,80
   672 00000451 F6E3                <1>                 mul bl
   673 00000453 8B5E04              <1>                 mov bx,[bp+4]   ;column
   674 00000456 01D8                <1>                 add ax,bx
   675 00000458 D1E0                <1>                 shl ax,1        ; the point at which we have to print
   676 0000045A 89C7                <1>                 mov di,ax
   677                              <1> 
   678 0000045C 8B460C              <1>                 mov ax,[bp+12]  ; as the number can be 32 byte, half will be in ax and other half in dx
   679 0000045F 8B560A              <1>                 mov dx,[bp+10]  ; the higher number
   680 00000462 BB0A00              <1>                 mov bx,10
   681 00000465 E90000              <1>                 jmp push_loop
   682                              <1> 
   683 00000468 8B460A              <1> push_loop:      mov ax,[bp+10]  ;  the issue why we were not able to print the file with bigger sizes was 
   684 0000046B 31D2                <1>                 xor dx,dx       ;  here, previously we did division now we are doing long division
   685 0000046D F7F3                <1>                 div bx          ;  the upper byte gets divided the remainder is stored in dx, adn the rest of the 
   686 0000046F 89460A              <1>                 mov [bp+10],ax  ;  the number(LOWER BYTE) is stored in AX just like we do in long division.
   687                              <1> 
   688 00000472 8B460C              <1>                 mov ax,[bp+12]
   689 00000475 F7F3                <1>                 div bx
   690 00000477 89460C              <1>                 mov [bp+12],ax
   691                              <1> 
   692 0000047A 81C23000            <1>                 add dx,0x30
   693 0000047E 52                  <1>                 push dx
   694 0000047F 41                  <1>                 inc cx
   695                              <1> 
   696 00000480 817E0A0000          <1>                 cmp word [bp+10],0
   697 00000485 75E1                <1>                 jne push_loop
   698                              <1> 
   699 00000487 817E0C0000          <1>                 cmp word [bp+12],0
   700 0000048C 75DA                <1>                 jne push_loop
   701                              <1> 
   702 0000048E E90000              <1>                 jmp num_printing
   703                              <1> 
   704 00000491 58                  <1> num_printing:   pop ax
   705 00000492 8A6608              <1>                 mov ah,[bp+8]
   706 00000495 268905              <1>                 mov [es:di],ax
   707 00000498 81C70200            <1>                 add di,2
   708 0000049C 81E90100            <1>                 sub cx,1
   709 000004A0 75EF                <1>                 jnz num_printing
   710 000004A2 E90000              <1>                 jmp return_num
   711                              <1> 
   712 000004A5 07                  <1> return_num:     pop es
   713 000004A6 5F                  <1>                 pop di
   714 000004A7 5E                  <1>                 pop si
   715 000004A8 5A                  <1>                 pop dx
   716 000004A9 59                  <1>                 pop cx
   717 000004AA 5B                  <1>                 pop bx
   718 000004AB 58                  <1>                 pop ax
   719 000004AC 5D                  <1>                 pop bp
   720 000004AD C20A00              <1>                 ret 10
   721                              <1> 
   722                              <1> 
   723                              <1> 
   724 000004B0 55                  <1> print_character:        push bp
   725 000004B1 89E5                <1>                         mov bp,sp
   726 000004B3 50                  <1>                         push ax
   727 000004B4 53                  <1>                         push bx
   728 000004B5 57                  <1>                         push di
   729 000004B6 06                  <1>                         push es
   730 000004B7 31DB                <1>                         xor bx,bx
   731 000004B9 31C0                <1>                         xor ax,ax
   732 000004BB 31FF                <1>                         xor di,di
   733 000004BD B800B8              <1>                         mov ax,0xb800
   734 000004C0 8EC0                <1>                         mov es,ax
   735                              <1> 
   736 000004C2 8B4606              <1>                         mov ax,[bp+6]   ;row
   737 000004C5 B350                <1>                         mov bl,80
   738 000004C7 F6E3                <1>                         mul bl
   739 000004C9 8B5E04              <1>                         mov bx,[bp+4]   ;col
   740 000004CC 01D8                <1>                         add ax,bx
   741 000004CE D1E0                <1>                         shl ax,1
   742 000004D0 89C7                <1>                         mov di,ax
   743 000004D2 8B5E08              <1>                         mov bx,[bp+8]   ;attribute
   744 000004D5 88DC                <1>                         mov ah,bl
   745 000004D7 8B5E0A              <1>                         mov bx,[bp+10]  ; char
   746 000004DA 88D8                <1>                         mov al,bl
   747                              <1> 
   748 000004DC 268905              <1>                         mov [es:di],ax
   749 000004DF E90000              <1>                         jmp return_print_character
   750                              <1> 
   751 000004E2 07                  <1> return_print_character: pop es
   752 000004E3 5F                  <1>                         pop di
   753 000004E4 5B                  <1>                         pop bx
   754 000004E5 58                  <1>                         pop ax
   755 000004E6 5D                  <1>                         pop bp
   756 000004E7 C20800              <1>                         ret 8
   757                              <1> 
   758                              <1> 
   759                              <1> 
   760                                  %include "help_ui.asm"
   761                              <1> 
   762                              <1> 
   763 000004EA 55                  <1> clscr:  push bp
   764 000004EB 89E5                <1>         mov bp,sp
   765 000004ED 50                  <1>         push ax
   766 000004EE 06                  <1>         push es
   767 000004EF 57                  <1>         push di
   768 000004F0 31FF                <1>         xor di,di
   769 000004F2 B800B8              <1>         mov ax,0xb800
   770 000004F5 8EC0                <1>         mov es,ax
   771 000004F7 B82000              <1>         mov ax, 0x0020
   772 000004FA E90000              <1>         jmp clear_loop
   773                              <1> 
   774 000004FD 268905              <1> clear_loop: mov [es:di],ax
   775 00000500 81C70200            <1>             add di,2
   776 00000504 81FFA00F            <1>             cmp di,4000
   777 00000508 75F3                <1>             jnz clear_loop
   778 0000050A E90000              <1>             jmp return_clscr
   779                              <1> 
   780 0000050D 5F                  <1> return_clscr:   pop di
   781 0000050E 07                  <1>                 pop es
   782 0000050F 58                  <1>                 pop ax
   783 00000510 5D                  <1>                 pop bp
   784 00000511 C3                  <1>                 ret
   785                              <1> 
   786                              <1> 
   787 00000512 55                  <1> blue_background:    push bp
   788 00000513 89E5                <1>                     mov bp,sp
   789 00000515 50                  <1>                     push ax
   790 00000516 57                  <1>                     push di
   791 00000517 06                  <1>                     push es
   792 00000518 31FF                <1>                     xor di,di
   793 0000051A B800B8              <1>                     mov ax,0xb800
   794 0000051D 8EC0                <1>                     mov es,ax
   795 0000051F B82010              <1>                     mov ax,1020h
   796 00000522 E90000              <1>                     jmp background_loop
   797                              <1> 
   798 00000525 268905              <1> background_loop:    mov [es:di],ax
   799 00000528 81C70200            <1>                     add di,2
   800 0000052C 81FFA00F            <1>                     cmp di,4000
   801 00000530 75F3                <1>                     jnz background_loop
   802 00000532 E90000              <1>                     jmp ret_back
   803                              <1> 
   804                              <1> 
   805 00000535 07                  <1> ret_back:   pop es
   806 00000536 5F                  <1>             pop di
   807 00000537 58                  <1>             pop ax
   808 00000538 5D                  <1>             pop bp
   809 00000539 C3                  <1>             ret
   810                              <1> 
   811                              <1> 
   812 0000053A 55                  <1> boundry:  push bp
   813 0000053B 89E5                <1>         mov bp,sp
   814 0000053D 50                  <1>         push ax
   815 0000053E 06                  <1>         push es
   816 0000053F 57                  <1>         push di
   817 00000540 56                  <1>         push si
   818 00000541 B800B8              <1>         mov ax,0xb800
   819 00000544 8EC0                <1>         mov es,ax
   820 00000546 31FF                <1>         xor di,di
   821 00000548 B8CD1B              <1>         mov ax,0x1BCD
   822 0000054B E90000              <1>         jmp upper_loop
   823                              <1> 
   824                              <1> 
   825 0000054E 268905              <1> upper_loop:     mov [es:di],ax
   826 00000551 81C70200            <1>                 add di,2
   827 00000555 81FFA000            <1>                 cmp di,160
   828 00000559 75F3                <1>                 jnz upper_loop
   829 0000055B 81EF0200            <1>                 sub di,2
   830 0000055F B8BA1B              <1>                 mov ax,0x1BBA
   831 00000562 E90000              <1>                 jmp right_loop
   832                              <1> 
   833 00000565 268905              <1> right_loop:     mov [es:di],ax
   834 00000568 81C7A000            <1>                 add di,160
   835 0000056C 81FFA00F            <1>                 cmp di,4000
   836 00000570 7CF3                <1>                 jl right_loop
   837 00000572 81EFA000            <1>                 sub di,160
   838 00000576 B8CD1B              <1>                 mov ax,0x1BCD
   839 00000579 E90000              <1>                 jmp down_loop
   840                              <1> 
   841 0000057C 268905              <1> down_loop:      mov [es:di],ax
   842 0000057F 81EF0200            <1>                 sub di,2
   843 00000583 81FF000F            <1>                 cmp di,0x0F00
   844 00000587 7DF3                <1>                 jge down_loop
   845 00000589 81C70200            <1>                 add di,2
   846 0000058D B8BA1B              <1>                 mov ax,0x1BBA
   847 00000590 E90000              <1>                 jmp left_loop
   848                              <1> 
   849 00000593 268905              <1> left_loop:      mov [es:di],ax
   850 00000596 81EFA000            <1>                 sub di,160
   851 0000059A 81FF0000            <1>                 cmp di,0
   852 0000059E 7FF3                <1>                 jg left_loop
   853                              <1>                 ; correcting borders, i think if i first compare in loop and make the borders in loop
   854                              <1>                 ; that would be more computationaly expensive
   855 000005A0 BF0000              <1>                 mov di,0        ; top left
   856 000005A3 B8C91B              <1>                 mov ax,0x1BC9   
   857 000005A6 268905              <1>                 mov [es:di],ax
   858 000005A9 BF9E00              <1>                 mov di,158      ; top right
   859 000005AC B8BB1B              <1>                 mov ax,0x1BBB
   860 000005AF 268905              <1>                 mov [es:di],ax
   861 000005B2 BF9E0F              <1>                 mov di,3998     ; bottom right
   862 000005B5 B8BC1B              <1>                 mov ax,0x1BBC
   863 000005B8 268905              <1>                 mov [es:di],ax
   864 000005BB BF000F              <1>                 mov di,0x0F00   ;bottom left
   865 000005BE B8C81B              <1>                 mov ax,0x1BC8
   866 000005C1 268905              <1>                 mov [es:di],ax
   867 000005C4 E90000              <1>                 jmp panes
   868                              <1> 
   869 000005C7 BF5000              <1> panes:  mov di,80
   870 000005CA BE4E00              <1>         mov si,78
   871 000005CD B8BA1B              <1>         mov ax,1BBAh
   872 000005D0 268904              <1> @here   mov [es:si],ax
   873 000005D3 268905              <1>         mov [es:di],ax
   874 000005D6 81C6A000            <1>         add si,160
   875 000005DA 81C7A000            <1>         add di,160
   876 000005DE 81FF000F            <1>         cmp di,0x0F00
   877 000005E2 7EEC                <1>         jle @here
   878                              <1>         ; now correcting the boundries of the panes
   879 000005E4 BF4E00              <1>         mov di,78       ; for the ╗ of left pane
   880 000005E7 B8BB1B              <1>         mov ax,0x1BBB
   881 000005EA 268905              <1>         mov [es:di],ax
   882 000005ED 81C70200            <1>         add di,2        ; for the ╔ of right pane
   883 000005F1 B8C91B              <1>         mov ax,0x1BC9
   884 000005F4 268905              <1>         mov [es:di],ax
   885 000005F7 BF4E0F              <1>         mov di,0x0F4E   ; for the boundry of first pane's bottom right
   886 000005FA B8BC1B              <1>         mov ax,0x1BBC
   887 000005FD 268905              <1>         mov [es:di],ax
   888 00000600 81C70200            <1>         add di,2        ; for the boundry of second pane's bottom left
   889 00000604 B8C81B              <1>         mov ax,0x1BC8
   890 00000607 268905              <1>         mov [es:di],ax
   891 0000060A E90000              <1>         jmp return_boundry
   892                              <1> 
   893 0000060D 5E                  <1> return_boundry: pop si
   894 0000060E 5F                  <1>                 pop di
   895 0000060F 07                  <1>                 pop es
   896 00000610 58                  <1>                 pop ax
   897 00000611 5D                  <1>                 pop bp
   898 00000612 C3                  <1>                 ret
   899                              <1> 
   900                              <1> 
   901                                  %include "logic.asm"
   902                              <1> 
   903 00000613 55                  <1> highlight_row:  push bp
   904 00000614 89E5                <1>                 mov bp,sp
   905 00000616 50                  <1>                 push ax
   906 00000617 53                  <1>                 push bx
   907 00000618 52                  <1>                 push dx
   908 00000619 56                  <1>                 push si
   909 0000061A 57                  <1>                 push di
   910 0000061B 06                  <1>                 push es
   911                              <1> 
   912 0000061C B800B8              <1>                 mov ax,0xb800
   913 0000061F 8EC0                <1>                 mov es,ax
   914 00000621 31DB                <1>                 xor bx,bx
   915 00000623 31D2                <1>                 xor dx,dx
   916 00000625 8B460E              <1>                 mov ax,[bp+14]  ;active_pane
   917 00000628 3D0000              <1>                 cmp ax,0
   918 0000062B 7403                <1>                 jz left_pane
   919 0000062D E91E00              <1>                 jmp right_pane
   920                              <1> 
   921 00000630 8B460C              <1> left_pane:      mov ax,[bp+12]
   922 00000633 B350                <1>                 mov bl,80
   923 00000635 F6E3                <1>                 mul bl
   924 00000637 89C2                <1>                 mov dx,ax
   925 00000639 8B5E0A              <1>                 mov bx,[bp+10]  
   926 0000063C 01D8                <1>                 add ax,bx       ; ax contains the starting index
   927 0000063E D1E0                <1>                 shl ax,1
   928 00000640 8B5E08              <1>                 mov bx,[bp+8]
   929 00000643 01DA                <1>                 add dx,bx       ;dx contains the ending index
   930 00000645 D1E2                <1>                 shl dx,1
   931 00000647 89C6                <1>                 mov si,ax
   932 00000649 89D7                <1>                 mov di,dx
   933 0000064B E91E00              <1>                 jmp highlight_loop
   934                              <1> 
   935                              <1> 
   936 0000064E 8B460C              <1> right_pane:     mov ax,[bp+12]
   937 00000651 B350                <1>                 mov bl,80
   938 00000653 F6E3                <1>                 mul bl
   939 00000655 89C2                <1>                 mov dx,ax
   940 00000657 8B5E06              <1>                 mov bx,[bp+6]
   941 0000065A 01D8                <1>                 add ax,bx
   942 0000065C D1E0                <1>                 shl ax,1
   943 0000065E 8B5E04              <1>                 mov bx,[bp+4]
   944 00000661 01DA                <1>                 add dx,bx
   945 00000663 D1E2                <1>                 shl dx,1
   946 00000665 89C6                <1>                 mov si,ax
   947 00000667 89D7                <1>                 mov di,dx
   948 00000669 E90000              <1>                 jmp highlight_loop
   949                              <1> 
   950 0000066C 268B04              <1> highlight_loop: mov ax,[es:si]
   951 0000066F B431                <1>                 mov ah,31h
   952 00000671 268904              <1>                 mov [es:si],ax
   953 00000674 81C60200            <1>                 add si,2
   954 00000678 39FE                <1>                 cmp si,di
   955 0000067A 7EF0                <1>                 jle highlight_loop
   956 0000067C E90000              <1>                 jmp return_highlight
   957                              <1> 
   958 0000067F 07                  <1> return_highlight:       pop es
   959 00000680 5F                  <1>                         pop di
   960 00000681 5E                  <1>                         pop si
   961 00000682 5A                  <1>                         pop dx
   962 00000683 5B                  <1>                         pop bx
   963 00000684 58                  <1>                         pop ax
   964 00000685 5D                  <1>                         pop bp
   965 00000686 C20C00              <1>                         ret 12
   966                              <1> 
   967                              <1> 
   968                              <1> 
   969 00000689 55                  <1> unhighlight_row:  push bp
   970 0000068A 89E5                <1>                 mov bp,sp
   971 0000068C 50                  <1>                 push ax
   972 0000068D 53                  <1>                 push bx
   973 0000068E 52                  <1>                 push dx
   974 0000068F 56                  <1>                 push si
   975 00000690 57                  <1>                 push di
   976 00000691 06                  <1>                 push es
   977                              <1> 
   978 00000692 B800B8              <1>                 mov ax,0xb800
   979 00000695 8EC0                <1>                 mov es,ax
   980 00000697 31DB                <1>                 xor bx,bx
   981 00000699 31D2                <1>                 xor dx,dx
   982 0000069B 8B460E              <1>                 mov ax,[bp+14]  ;active_pane
   983 0000069E 3D0000              <1>                 cmp ax,0
   984 000006A1 7403                <1>                 jz unleft_pane
   985 000006A3 E91E00              <1>                 jmp unright_pane
   986                              <1> 
   987 000006A6 8B460C              <1> unleft_pane:      mov ax,[bp+12]
   988 000006A9 B350                <1>                 mov bl,80
   989 000006AB F6E3                <1>                 mul bl
   990 000006AD 89C2                <1>                 mov dx,ax
   991 000006AF 8B5E0A              <1>                 mov bx,[bp+10]  
   992 000006B2 01D8                <1>                 add ax,bx       ; ax contains the starting index
   993 000006B4 D1E0                <1>                 shl ax,1
   994 000006B6 8B5E08              <1>                 mov bx,[bp+8]
   995 000006B9 01DA                <1>                 add dx,bx       ;dx contains the ending index
   996 000006BB D1E2                <1>                 shl dx,1
   997 000006BD 89C6                <1>                 mov si,ax
   998 000006BF 89D7                <1>                 mov di,dx
   999 000006C1 E91E00              <1>                 jmp unhighlight_loop
  1000                              <1> 
  1001                              <1> 
  1002 000006C4 8B460C              <1> unright_pane:     mov ax,[bp+12]
  1003 000006C7 B350                <1>                 mov bl,80
  1004 000006C9 F6E3                <1>                 mul bl
  1005 000006CB 89C2                <1>                 mov dx,ax
  1006 000006CD 8B5E06              <1>                 mov bx,[bp+6]
  1007 000006D0 01D8                <1>                 add ax,bx
  1008 000006D2 D1E0                <1>                 shl ax,1
  1009 000006D4 8B5E04              <1>                 mov bx,[bp+4]
  1010 000006D7 01DA                <1>                 add dx,bx
  1011 000006D9 D1E2                <1>                 shl dx,1
  1012 000006DB 89C6                <1>                 mov si,ax
  1013 000006DD 89D7                <1>                 mov di,dx
  1014 000006DF E90000              <1>                 jmp unhighlight_loop
  1015                              <1> 
  1016 000006E2 268B04              <1> unhighlight_loop: mov ax,[es:si]
  1017 000006E5 B41B                <1>                 mov ah,1Bh
  1018 000006E7 268904              <1>                 mov [es:si],ax
  1019 000006EA 81C60200            <1>                 add si,2
  1020 000006EE 39FE                <1>                 cmp si,di
  1021 000006F0 7EF0                <1>                 jle unhighlight_loop
  1022 000006F2 E90000              <1>                 jmp return_unhighlight
  1023                              <1> 
  1024 000006F5 07                  <1> return_unhighlight:       pop es
  1025 000006F6 5F                  <1>                         pop di
  1026 000006F7 5E                  <1>                         pop si
  1027 000006F8 5A                  <1>                         pop dx
  1028 000006F9 5B                  <1>                         pop bx
  1029 000006FA 58                  <1>                         pop ax
  1030 000006FB 5D                  <1>                         pop bp
  1031 000006FC C20C00              <1>                         ret 12
  1032                              <1> 
  1033                                  %include "extract.asm"
  1034                              <1> 
  1035                              <1> 
  1036 000006FF 55                  <1> file_extract:   push bp 
  1037 00000700 89E5                <1>                 mov bp,sp
  1038 00000702 50                  <1>                 push ax
  1039 00000703 53                  <1>                 push bx
  1040 00000704 51                  <1>                 push cx
  1041 00000705 52                  <1>                 push dx
  1042 00000706 57                  <1>                 push di
  1043 00000707 56                  <1>                 push si
  1044 00000708 06                  <1>                 push es
  1045 00000709 B800B8              <1>                 mov ax,0xb800
  1046 0000070C 8EC0                <1>                 mov es,ax
  1047 0000070E 31C0                <1>                 xor ax,ax
  1048 00000710 31F6                <1>                 xor si,si
  1049 00000712 31FF                <1>                 xor di,di
  1050 00000714 8B7E04              <1>                 mov di,[bp+4]      ; screen column for this pane
  1051 00000717 B90200              <1>                 mov cx,2
  1052 0000071A 8B4606              <1>                 mov ax,[bp+6]      ; explicit pane index (0 = left, 1 = right)
  1053 0000071D 3D0000              <1>                 cmp ax,0
  1054 00000720 7506                <1>                 jne second_pane_ext
  1055 00000722 BE[5709]            <1>                 mov si,left_file_list
  1056 00000725 E90600              <1>                 jmp extract_loop    ; name is 13 bytes
  1057                              <1> 
  1058 00000728 BE[D80B]            <1> second_pane_ext:    mov si,right_file_list
  1059 0000072B E90000              <1>                     jmp extract_loop
  1060                              <1> 
  1061 0000072E 8A04                <1> extract_loop:   mov al,[si]
  1062 00000730 3CFF                <1>                 cmp al,0FFh ; is this the end?
  1063 00000732 0F84AA00            <1>                 je near return_file_extract
  1064                              <1> 
  1065 00000736 81F91600            <1>                 cmp cx,22   ; have we hit the end row
  1066 0000073A 0F84A200            <1>                 je near return_file_extract
  1067                              <1> 
  1068 0000073E E90000              <1>                 jmp extract_name
  1069                              <1> 
  1070 00000741 89F0                <1> extract_name:   mov ax,si
  1071 00000743 50                  <1>                 push ax
  1072 00000744 B81B00              <1>                 mov ax,0x1B
  1073 00000747 50                  <1>                 push ax
  1074 00000748 89C8                <1>                 mov ax,cx
  1075 0000074A 50                  <1>                 push ax
  1076 0000074B 89F8                <1>                 mov ax,di
  1077 0000074D 50                  <1>                 push ax
  1078 0000074E E8CAFB              <1>                 call print
  1079 00000751 E90000              <1>                 jmp extract_size
  1080                              <1> 
  1081 00000754 8B440E              <1> extract_size:   mov ax,[si+14]
  1082 00000757 50                  <1>                 push ax
  1083 00000758 8B4410              <1>                 mov ax,[si+16]
  1084 0000075B 50                  <1>                 push ax
  1085 0000075C B81B00              <1>                 mov ax,0x1B
  1086 0000075F 50                  <1>                 push ax
  1087 00000760 89C8                <1>                 mov ax,cx
  1088 00000762 50                  <1>                 push ax
  1089 00000763 89F8                <1>                 mov ax,di
  1090 00000765 051400              <1>                 add ax,20
  1091 00000768 50                  <1>                 push ax
  1092 00000769 E8C7FC              <1>                 call print_number
  1093 0000076C E90000              <1>                 jmp extract_date
  1094                              <1> 
  1095 0000076F 8B4412              <1> extract_date:   mov ax,[si+18]
  1096 00000772 251F00              <1>                 and ax,001Fh
  1097                              <1> 
  1098 00000775 3D0A00              <1>                 cmp ax,10
  1099 00000778 7C71                <1>                 jl print_leading_zero1
  1100 0000077A 50                  <1>                 push ax
  1101 0000077B B80000              <1>                 mov ax,0
  1102 0000077E 50                  <1>                 push ax
  1103 0000077F B81B00              <1>                 mov ax,0x1B
  1104 00000782 50                  <1>                 push ax
  1105 00000783 89C8                <1>                 mov ax,cx
  1106 00000785 50                  <1>                 push ax
  1107 00000786 89F8                <1>                 mov ax,di
  1108 00000788 051E00              <1>                 add ax,30
  1109 0000078B 50                  <1>                 push ax
  1110 0000078C E8A4FC              <1>                 call print_number
  1111                              <1> 
  1112 0000078F 8B4412              <1> @leading_here:  mov ax,[si+18]
  1113 00000792 C1E805              <1>                 shr ax,5
  1114 00000795 250F00              <1>                 and ax, 000Fh
  1115                              <1> 
  1116 00000798 3D0A00              <1>                 cmp ax,10
  1117 0000079B 0F8C8000            <1>                 jl near print_leading_zero2
  1118 0000079F 50                  <1>                 push ax
  1119 000007A0 B80000              <1>                 mov ax,0
  1120 000007A3 50                  <1>                 push ax
  1121 000007A4 B81B00              <1>                 mov ax,0x1B
  1122 000007A7 50                  <1>                 push ax
  1123 000007A8 89C8                <1>                 mov ax,cx
  1124 000007AA 50                  <1>                 push ax
  1125 000007AB 89F8                <1>                 mov ax,di
  1126 000007AD 052100              <1>                 add ax,33
  1127 000007B0 50                  <1>                 push ax
  1128 000007B1 E87FFC              <1>                 call print_number
  1129                              <1> 
  1130 000007B4 8B4412              <1> @leading_here2: mov ax,[si+18]
  1131 000007B7 C1E809              <1>                 shr ax,9
  1132 000007BA 257F00              <1>                 and ax,007FH
  1133 000007BD 2D1400              <1>                 sub ax,20     ;years since 1980
  1134 000007C0 50                  <1>                 push ax
  1135 000007C1 B80000              <1>                 mov ax,0
  1136 000007C4 50                  <1>                 push ax
  1137 000007C5 B81B00              <1>                 mov ax,0x1B
  1138 000007C8 50                  <1>                 push ax
  1139 000007C9 89C8                <1>                 mov ax,cx
  1140 000007CB 50                  <1>                 push ax
  1141 000007CC 89F8                <1>                 mov ax,di
  1142 000007CE 052400              <1>                 add ax,36
  1143 000007D1 50                  <1>                 push ax
  1144 000007D2 E85EFC              <1>                 call print_number
  1145 000007D5 E97E00              <1>                 jmp print_dashes
  1146 000007D8 81C62000            <1> @return_from_dashes:    add si,32
  1147 000007DC 41                  <1>                         inc cx
  1148 000007DD E94EFF              <1>                         jmp extract_loop                
  1149                              <1> 
  1150                              <1> 
  1151 000007E0 07                  <1> return_file_extract:    pop es
  1152 000007E1 5E                  <1>                         pop si
  1153 000007E2 5F                  <1>                         pop di
  1154 000007E3 5A                  <1>                         pop dx
  1155 000007E4 59                  <1>                         pop cx
  1156 000007E5 5B                  <1>                         pop bx
  1157 000007E6 58                  <1>                         pop ax
  1158 000007E7 5D                  <1>                         pop bp
  1159 000007E8 C20400              <1>                         ret 4
  1160                              <1> 
  1161                              <1> 
  1162                              <1> 
  1163 000007EB 31C0                <1> print_leading_zero1: xor ax,ax
  1164 000007ED B83000              <1>                     mov ax,30h
  1165 000007F0 50                  <1>                     push ax
  1166 000007F1 B81B00              <1>                     mov ax,0x1B
  1167 000007F4 50                  <1>                     push ax
  1168 000007F5 89C8                <1>                     mov ax,cx
  1169 000007F7 50                  <1>                     push ax
  1170 000007F8 89F8                <1>                     mov ax,di
  1171 000007FA 051E00              <1>                     add ax,30
  1172 000007FD 50                  <1>                     push ax
  1173 000007FE E8AFFC              <1>                     call print_character
  1174                              <1> 
  1175                              <1> 
  1176 00000801 8B4412              <1>                     mov ax,[si+18]
  1177 00000804 251F00              <1>                     and ax,001Fh
  1178 00000807 50                  <1>                     push ax
  1179 00000808 B80000              <1>                     mov ax,0
  1180 0000080B 50                  <1>                     push ax
  1181 0000080C B81B00              <1>                     mov ax,0x1B
  1182 0000080F 50                  <1>                     push ax
  1183 00000810 89C8                <1>                     mov ax,cx
  1184 00000812 50                  <1>                     push ax
  1185 00000813 89F8                <1>                     mov ax,di
  1186 00000815 051F00              <1>                     add ax,31
  1187 00000818 50                  <1>                     push ax
  1188 00000819 E817FC              <1>                     call print_number
  1189 0000081C E970FF              <1>                     jmp @leading_here
  1190                              <1> 
  1191                              <1> 
  1192 0000081F 31C0                <1> print_leading_zero2: xor ax,ax
  1193 00000821 B83000              <1>                     mov ax,30h
  1194 00000824 50                  <1>                     push ax
  1195 00000825 B81B00              <1>                     mov ax,0x1B
  1196 00000828 50                  <1>                     push ax
  1197 00000829 89C8                <1>                     mov ax,cx
  1198 0000082B 50                  <1>                     push ax
  1199 0000082C 89F8                <1>                     mov ax,di
  1200 0000082E 052100              <1>                     add ax,33
  1201 00000831 50                  <1>                     push ax
  1202 00000832 E87BFC              <1>                     call print_character
  1203                              <1> 
  1204 00000835 8B4412              <1>                     mov ax,[si+18]
  1205 00000838 C1E805              <1>                     shr ax,5
  1206 0000083B 250F00              <1>                     and ax, 000Fh
  1207 0000083E 50                  <1>                     push ax
  1208 0000083F B80000              <1>                     mov ax,0
  1209 00000842 50                  <1>                     push ax
  1210 00000843 B81B00              <1>                     mov ax,0x1B
  1211 00000846 50                  <1>                     push ax
  1212 00000847 89C8                <1>                     mov ax,cx
  1213 00000849 50                  <1>                     push ax
  1214 0000084A 89F8                <1>                     mov ax,di
  1215 0000084C 052200              <1>                     add ax,34
  1216 0000084F 50                  <1>                     push ax
  1217 00000850 E8E0FB              <1>                     call print_number
  1218 00000853 E95EFF              <1>                     jmp @leading_here2
  1219                              <1> 
  1220 00000856 31C0                <1> print_dashes:   xor ax,ax   
  1221 00000858 B82D00              <1>                 mov ax,0x2D
  1222 0000085B 50                  <1>                 push ax
  1223 0000085C B81B00              <1>                 mov ax,0x1B
  1224 0000085F 50                  <1>                 push ax
  1225 00000860 89C8                <1>                 mov ax,cx
  1226 00000862 50                  <1>                 push ax
  1227 00000863 89F8                <1>                 mov ax,di
  1228 00000865 052000              <1>                 add ax,32
  1229 00000868 50                  <1>                 push ax
  1230 00000869 E844FC              <1>                 call print_character
  1231                              <1> 
  1232 0000086C 31C0                <1>                 xor ax,ax   
  1233 0000086E B82D00              <1>                 mov ax,0x2D
  1234 00000871 50                  <1>                 push ax
  1235 00000872 B81B00              <1>                 mov ax,0x1B
  1236 00000875 50                  <1>                 push ax
  1237 00000876 89C8                <1>                 mov ax,cx
  1238 00000878 50                  <1>                 push ax
  1239 00000879 89F8                <1>                 mov ax,di
  1240 0000087B 052300              <1>                 add ax,35
  1241 0000087E 50                  <1>                 push ax
  1242 0000087F E82EFC              <1>                 call print_character
  1243 00000882 E953FF              <1>                 jmp @return_from_dashes
  1244                                  %include "view_ui.asm"
  1245 00000885 E88AFC              <1> view_file:  call blue_background
  1246 00000888 89F2                <1>             mov dx,si
  1247 0000088A 01DA                <1>             add dx,bx
  1248                              <1> 
  1249                              <1>             ;open file
  1250 0000088C B43D                <1>             mov ah,3Dh
  1251 0000088E B000                <1>             mov al,0
  1252 00000890 CD21                <1>             int 21h
  1253 00000892 724F                <1>             jc file_error
  1254 00000894 A3[DB0E]            <1>             mov [file_handle],ax
  1255                              <1> 
  1256                              <1> 
  1257                              <1> reading_loop:
  1258                              <1>             ;read file
  1259 00000897 B43F                <1>             mov ah,3Fh
  1260 00000899 8B1E[DB0E]          <1>             mov bx,[file_handle]
  1261 0000089D B9D007              <1>             mov cx,2000     ;asks for how much to draw on screen
  1262 000008A0 BA[DD0E]            <1>             mov dx,file_buffer
  1263 000008A3 CD21                <1>             int 21h
  1264                              <1>             
  1265                              <1>             ; Add null-terminator so print stops at the correct length
  1266 000008A5 89C3                <1>             mov bx, ax
  1267 000008A7 C687[DD0E]00        <1>             mov byte [file_buffer + bx], 0
  1268                              <1> 
  1269 000008AC 89C3                <1>             mov bx, ax      ; SAVE AX before we ruin it
  1270                              <1> 
  1271 000008AE B8[DD0E]            <1>             mov ax,file_buffer
  1272 000008B1 50                  <1>             push ax
  1273 000008B2 A1[F808]            <1>             mov ax,[attribute]
  1274 000008B5 50                  <1>             push ax
  1275 000008B6 B80000              <1>             mov ax,0
  1276 000008B9 50                  <1>             push ax
  1277 000008BA B80000              <1>             mov ax,0
  1278 000008BD 50                  <1>             push ax
  1279 000008BE E85AFA              <1>             call print
  1280                              <1> 
  1281 000008C1 81FB0000            <1>             cmp bx,0        ; CHECK BX instead of AX
  1282 000008C5 7F0F                <1>             jg next_page
  1283                              <1> 
  1284 000008C7 B400                <1>             mov ah,00h
  1285 000008C9 CD16                <1>             int 16h
  1286                              <1> 
  1287                              <1> 
  1288                              <1> 
  1289                              <1>             ;close file
  1290 000008CB B43E                <1> close_file: mov ah,3Eh
  1291 000008CD 8B1E[DB0E]          <1>             mov bx,[file_handle]     
  1292 000008D1 CD21                <1>             int 21h    ; YOU FORGOT TO CALL DOS!
  1293 000008D3 E91500              <1>             jmp ret_view_file
  1294                              <1>             
  1295                              <1> 
  1296 000008D6 B400                <1> next_page:  mov ah,00h
  1297 000008D8 CD16                <1>             int 16h
  1298                              <1> 
  1299 000008DA 3C1B                <1>             cmp al,1Bh        
  1300 000008DC 74ED                <1>             je close_file
  1301                              <1> 
  1302 000008DE 80FC50              <1>             cmp ah,50h      ; 50h is the DOWN arrow key
  1303 000008E1 74B4                <1>             je reading_loop
  1304                              <1> 
  1305                              <1> 
  1306 000008E3 5E                  <1> file_error: pop si
  1307 000008E4 5A                  <1>             pop dx
  1308 000008E5 59                  <1>             pop cx
  1309 000008E6 5B                  <1>             pop bx
  1310 000008E7 58                  <1>             pop ax
  1311 000008E8 E959F7              <1>             jmp main_loop
  1312                              <1> 
  1313 000008EB 5E                  <1> ret_view_file:  pop si
  1314 000008EC 5A                  <1>                 pop dx
  1315 000008ED 59                  <1>                 pop cx
  1316 000008EE 5B                  <1>                 pop bx
  1317 000008EF 58                  <1>                 pop ax
  1318 000008F0 E932F7              <1>                 jmp refresh_screens
  1319                              <1>                 ; these are all from enter_directory
  1320                                  %include "data.asm"
  1321                              <1> 
  1322 000008F3 4E616D6500          <1> Mystr1: db "Name",0
  1323 000008F8 1E                  <1> attribute: db 0x1E
  1324 000008F9 01                  <1> row1:  db 1
  1325 000008FA 08                  <1> cols1: db 8
  1326                              <1> 
  1327                              <1> 
  1328 000008FB 53697A6500          <1> Mystr2: db "Size",0
  1329 00000900 01                  <1> row2:  db 1
  1330 00000901 18                  <1> cols2: db 24 
  1331                              <1> 
  1332                              <1> 
  1333 00000902 4461746500          <1> Mystr3: db "Date",0
  1334 00000907 01                  <1> row3:  db 1
  1335 00000908 21                  <1> cols3: db 33
  1336                              <1> 
  1337 00000909 01                  <1> row4: db 1  
  1338 0000090A 30                  <1> cols4: db 48
  1339                              <1> 
  1340 0000090B 01                  <1> row5: db 1
  1341 0000090C 40                  <1> cols5: db 64
  1342                              <1> 
  1343 0000090D 01                  <1> row6: db 1
  1344 0000090E 49                  <1> cols6: db 73
  1345                              <1> 
  1346                              <1> 
  1347 0000090F B3                  <1> Mychar: db 0xB3
  1348 00000910 1B                  <1> attr: db 0x1B
  1349                              <1> 
  1350 00000911 01                  <1> v_row1: db 1
  1351 00000912 1E                  <1> v_cols1: db 30
  1352 00000913 16                  <1> dest_row1: db 22
  1353                              <1> 
  1354                              <1> 
  1355 00000914 01                  <1> v_row2: db 1
  1356 00000915 14                  <1> v_cols2: db 20
  1357 00000916 16                  <1> dest_row2: db 22
  1358                              <1> 
  1359                              <1> 
  1360 00000917 01                  <1> v_row3: db 1
  1361 00000918 46                  <1> v_cols3: db 70
  1362 00000919 16                  <1> dest_row3: db 22
  1363                              <1> 
  1364 0000091A 01                  <1> v_row4: db 1
  1365 0000091B 3C                  <1> v_cols4: db 60
  1366 0000091C 16                  <1> dest_row4: db 22
  1367                              <1> 
  1368                              <1> 
  1369                              <1> 
  1370                              <1> 
  1371 0000091D C4                  <1> h_Mychar: db 0xC4
  1372 0000091E 1B                  <1> h_attr: db 0x1B
  1373 0000091F 16                  <1> h_row: db 22
  1374 00000920 01                  <1> h_cols: db 1
  1375 00000921 4E                  <1> dest_col: db 78
  1376                              <1> 
  1377                              <1> 
  1378                              <1> ;===============================================================================================================
  1379                              <1> 
  1380 00000922 00                  <1> active_pane: db 0
  1381 00000923 02                  <1> current_row: db 2
  1382 00000924 01                  <1> l_start_cols: db 1
  1383 00000925 26                  <1> l_end_cols: db 38
  1384 00000926 29                  <1> r_start_cols: db 41
  1385 00000927 4E                  <1> r_end_cols: db 78
  1386                              <1> 
  1387                              <1> 
  1388                              <1> ;===============================================================================================================
  1389                              <1> 
  1390                              <1> 
  1391                              <1> 
  1392                              <1> ; -------------------------------------------------------------------
  1393                              <1> ; 32-BYTE MOCK FILE SYSTEM DATA
  1394                              <1> ; [0-12]  : Filename string (13 bytes max, null terminated)
  1395                              <1> ; [13]    : Attribute (00h = Normal File, 10h = Directory)
  1396                              <1> ; [14-17] : File Size (DWORD - 4 bytes)
  1397                              <1> ; [18-19] : MS-DOS Date Word (Bits: YYYYYYY MMMMDDDDD)
  1398                              <1> ; [20-21] : MS-DOS Time Word (Bits: HHHHHMMMMMMSSSSS)
  1399                              <1> ; [22-31] : Reserved Padding (10 bytes)
  1400                              <1> ; -------------------------------------------------------------------
  1401                              <1> 
  1402                              <1> 
  1403 00000928 2A2E2A00            <1> search_string db "*.*",0
  1404 0000092C 00<rept>            <1> dta_buffer  times 43 db 0
  1405                              <1> left_file_list:
  1406                              <1> 
  1407 00000957 00<rept>            <1>     times 640 db 0
  1408                              <1>     ; --- END OF ARRAY MARKER ---
  1409 00000BD7 FF                  <1>     db 0FFh                      ; End Marker
  1410                              <1> right_file_list:
  1411                              <1> 
  1412 00000BD8 00<rept>            <1>     times 640 db 0
  1413                              <1>     ; --- END OF ARRAY MARKER ---
  1414 00000E58 FF                  <1>     db 0FFh                      ; End Marker
  1415                              <1> 
  1416                              <1> 
  1417                              <1> ;Bytes 0 to 20 (21 bytes): Secret DOS search data. Ignore this completely.
  1418                              <1> 
  1419                              <1> ;Byte 21 (1 byte): The File Attribute (e.g., 10h means Directory, 00h means Normal File).
  1420                              <1> 
  1421                              <1> ;Bytes 22 to 23 (2 bytes): The File Time.
  1422                              <1> 
  1423                              <1> ;Bytes 24 to 25 (2 bytes): The File Date.
  1424                              <1> 
  1425                              <1> ;Bytes 26 to 29 (4 bytes): The File Size. (The lower 16-bits are at Byte 26, the upper 16-bits are at Byte 28).
  1426                              <1> 
  1427                              <1> ;Bytes 30 to 42 (13 bytes): The File Name as a null-terminated string.
  1428                              <1> 
  1429                              <1> 
  1430                              <1> ;=================================================================================================================
  1431 00000E59 5C                  <1> left_path:      db '\'              ; Hardcoded root backslash
  1432 00000E5A 00<rept>            <1>                times 64 db 0       ; 64 bytes of empty space for the rest of the path
  1433                              <1> 
  1434 00000E9A 5C                  <1> right_path:     db '\'              ; Hardcoded root backslash
  1435 00000E9B 00<rept>            <1>                times 64 db 0       ; 64 bytes of empty space for the rest of the path
  1436                              <1> 
  1437                              <1> 
  1438                              <1> ;=================================================================================================================
  1439                              <1> 
  1440                              <1> 
  1441                              <1> ;===============================================================================================================
  1442                              <1> 
  1443                              <1> 
  1444 00000EDB 0000                <1> file_handle:    dw 0
  1445 00000EDD 00<rept>            <1> file_buffer: times 2000 db 0
  1446                              <1> 
  1447                              <1> 
  1448                              <1> ;===============================================================================================================
