     1                                  org 100h
     2 00000000 E90000                  jmp start
     3                                  
     4 00000003 E8B400                  start:  call load_directories
     5 00000006 E82701                          call initialize_ui
     6 00000009 B80100                          mov ax,1                ; the left_pane
     7 0000000C 50                              push ax
     8 0000000D E8E605                          call file_extract
     9 00000010 B82900                          mov ax,41
    10 00000013 50                              push ax
    11 00000014 E8DF05                          call file_extract       ; the right_pane
    12 00000017 E85C00                          call main_highlight
    13 0000001A E90000                          jmp main_loop
    14                                  
    15                                  
    16 0000001D B400                    main_loop:      mov ah,00h      ;waiting for the user to press the key
    17 0000001F CD16                                    int 16h
    18                                  
    19 00000021 3C1B                                    cmp al,1Bh        ; if it is escape, just exit
    20 00000023 0F848E00                                je near exit
    21                                  
    22 00000027 3C09                                    cmp al,09h      ; if it is tab swictn panes
    23 00000029 740C                                    je switch_panes
    24                                  
    25 0000002B 80FC48                                  cmp ah,48h      ; non extended keys like tab and escape are captured by AL else extended keys like
    26 0000002E 7412                                    je move_up      ; arrow keys are captured by AH
    27                                                        
    28 00000030 80FC50                                  cmp ah,50h
    29 00000033 7427                                    je move_down
    30                                  
    31 00000035 EBE6                                    jmp main_loop   ;if any other key is pressed just wait again
    32                                  
    33                                  
    34 00000037 E85B00                  switch_panes:   call main_unhighlight
    35 0000003A 8036[9D07]01                            xor byte [active_pane],1        
    36 0000003F E93400                                  jmp main_highlight
    37                                  
    38                                  
    39 00000042 E85000                  move_up:        call main_unhighlight
    40 00000045 A0[9E07]                                mov al,[current_row]
    41 00000048 3C02                                    cmp al,2
    42 0000004A 7408                                    je first_row
    43 0000004C FEC8                                    dec al
    44 0000004E A2[9E07]                                mov [current_row],al
    45 00000051 E92200                                  jmp main_highlight
    46                                  
    47 00000054 B015                    first_row:      mov al,21
    48 00000056 A2[9E07]                                mov [current_row],al
    49 00000059 E91A00                                  jmp main_highlight
    50                                  
    51                                  
    52 0000005C E83600                  move_down:      call main_unhighlight
    53 0000005F A0[9E07]                                mov al,[current_row]
    54 00000062 3C15                                    cmp al,21       ;last row that can be accessed
    55 00000064 7408                                    je last_row
    56 00000066 FEC0                                    inc al
    57 00000068 A2[9E07]                                mov [current_row],AL
    58 0000006B E90800                                  jmp main_highlight
    59                                  
    60 0000006E B002                    last_row:       mov al,2 ; first accessible row
    61 00000070 A2[9E07]                                mov [current_row],al
    62 00000073 E90000                                  jmp main_highlight
    63                                  
    64                                  
    65                                  
    66 00000076 31C0                    main_highlight: xor ax,ax
    67 00000078 A0[9D07]                                mov al,[active_pane]
    68 0000007B 50                                      push ax
    69 0000007C A0[9E07]                                mov al,[current_row]
    70 0000007F 50                                      push ax
    71 00000080 A0[9F07]                                mov al,[l_start_cols]
    72 00000083 50                                      push ax
    73 00000084 A0[A007]                                mov al,[l_end_cols]
    74 00000087 50                                      push ax
    75 00000088 A0[A107]                                mov al,[r_start_cols]
    76 0000008B 50                                      push ax
    77 0000008C A0[A207]                                mov al,[r_end_cols]
    78 0000008F 50                                      push ax
    79 00000090 E87704                                  call highlight_row
    80 00000093 EB88                                    jmp main_loop
    81                                  
    82                                  
    83                                  
    84 00000095 50                      main_unhighlight:       push ax
    85 00000096 31C0                                            xor ax,ax
    86 00000098 A0[9D07]                                        mov al,[active_pane]
    87 0000009B 50                                              push ax
    88 0000009C A0[9E07]                                        mov al,[current_row]
    89 0000009F 50                                              push ax
    90 000000A0 A0[9F07]                                        mov al,[l_start_cols]
    91 000000A3 50                                              push ax
    92 000000A4 A0[A007]                                        mov al,[l_end_cols]
    93 000000A7 50                                              push ax
    94 000000A8 A0[A107]                                        mov al,[r_start_cols]
    95 000000AB 50                                              push ax
    96 000000AC A0[A207]                                        mov al,[r_end_cols]
    97 000000AF 50                                              push ax
    98 000000B0 E8CD04                                          call unhighlight_row
    99 000000B3 58                                              pop ax
   100 000000B4 C3                                              ret
   101                                  
   102                                  
   103                                  
   104                                  
   105                                  
   106                                  exit:   
   107 000000B5 B8004C                          mov ax,4c00h
   108 000000B8 CD21                            int 21h
   109                                  
   110                                  
   111                                  
   112                                  %include "dirs.asm"
   113 000000BA 50                  <1> load_directories:   push ax
   114 000000BB 53                  <1>                     push bx
   115 000000BC 51                  <1>                     push cx
   116 000000BD 52                  <1>                     push dx
   117 000000BE 56                  <1>                     push si
   118 000000BF 57                  <1>                     push di
   119                              <1> 
   120 000000C0 B41A                <1>                     mov ah, 1Ah             ; "Hello DOS, I want to use extension 1Ah (Set DTA)"
   121 000000C2 BA[A707]            <1>                     mov dx, dta_buffer      ; "Here is the memory address of my 43-byte mailbox"
   122 000000C5 CD21                <1>                     int 21h                 ; CALL DOS! DOS registers the address and returns instantly.
   123                              <1> 
   124 000000C7 B44E                <1>                     mov ah, 4Eh             ; "Hello DOS, extension 4Eh (Find First File) please"
   125 000000C9 B91000              <1>                     mov cx, 10h             ; "I am looking for Normal Files AND Directories (10h)"
   126 000000CC BA[A307]            <1>                     mov dx, search_string   ; "Here is my search query: *.*"
   127 000000CF CD21                <1>                     int 21h                 ; CALL DOS! (DOS spins the hard drive and fills the DTA)
   128                              <1> 
   129                              <1>                     ; SAFETY CHECK
   130 000000D1 7256                <1>                     jc return_dirs        ; "jc" means Jump if Carry. If the hard drive is empty or 
   131                              <1>                                             ; broken, DOS sets the Carry Flag to 1. We jump to the end.
   132                              <1> 
   133 000000D3 31F6                <1>                     xor si,si
   134 000000D5 31FF                <1>                     xor di,di
   135 000000D7 BF[D207]            <1>                     mov di,file_list
   136 000000DA 31DB                <1>                     xor bx,bx
   137                              <1> 
   138 000000DC A0[BC07]            <1> copy_loop:  mov al,[dta_buffer+21]  ;attribute
   139 000000DF 88450D              <1>             mov [di+13],al
   140                              <1> 
   141 000000E2 A1[BD07]            <1>             mov ax,[dta_buffer+22]
   142 000000E5 894514              <1>             mov [di+20],ax
   143                              <1> 
   144 000000E8 A1[BF07]            <1>             mov ax,[dta_buffer+24]
   145 000000EB 894512              <1>             mov [di+18],ax
   146                              <1> 
   147 000000EE A1[C107]            <1>             mov ax,[dta_buffer+26]
   148 000000F1 89450E              <1>             mov [di+14],ax
   149                              <1> 
   150 000000F4 A1[C307]            <1>             mov ax,[dta_buffer+28]
   151 000000F7 894510              <1>             mov [di+16],ax
   152                              <1> 
   153 000000FA BE[C507]            <1>             mov si,dta_buffer+30
   154 000000FD B90D00              <1>             mov cx,13
   155 00000100 57                  <1>             push di
   156 00000101 E90000              <1>             jmp name_loop
   157                              <1>             
   158                              <1> 
   159 00000104 8A04                <1> name_loop:  mov al,[si]
   160 00000106 8805                <1>             mov [di],al
   161 00000108 46                  <1>             inc si
   162 00000109 47                  <1>             inc di
   163 0000010A 81E90100            <1>             sub cx,1
   164 0000010E 75F4                <1>             jnz name_loop
   165                              <1> 
   166 00000110 5F                  <1>             pop di
   167                              <1> 
   168 00000111 81C72000            <1>             add di,32
   169 00000115 43                  <1>             inc bx
   170                              <1> 
   171 00000116 81FB1400            <1>             cmp bx,20
   172 0000011A 7409                <1>             je end_marker
   173                              <1> 
   174 0000011C B44F                <1>             mov ah,4Fh
   175 0000011E CD21                <1>             int 21h
   176 00000120 73BA                <1>             jnc copy_loop
   177 00000122 E90000              <1>             jmp end_marker
   178                              <1> 
   179                              <1> 
   180 00000125 B0FF                <1> end_marker: mov al,0FFh
   181 00000127 8805                <1>             mov [di],al
   182                              <1> 
   183 00000129 5F                  <1> return_dirs:    pop di
   184 0000012A 5E                  <1>                 pop si
   185 0000012B 5A                  <1>                 pop dx
   186 0000012C 59                  <1>                 pop cx
   187 0000012D 5B                  <1>                 pop bx
   188 0000012E 58                  <1>                 pop ax
   189 0000012F C3                  <1>                 ret
   190                              <1>     
   191                              <1> 
   192                                  %include "init_ui.asm"
   193 00000130 E8D602              <1> initialize_ui:  call blue_background
   194 00000133 E8FB02              <1>                 call boundry
   195                              <1> 
   196                              <1> 
   197 00000136 B8[6E07]            <1>                 mov ax,Mystr1
   198 00000139 50                  <1>                 push ax
   199 0000013A A1[7307]            <1>                 mov ax,[attribute]
   200 0000013D 50                  <1>                 push ax
   201 0000013E A1[7407]            <1>                 mov ax,[row1]
   202 00000141 50                  <1>                 push ax
   203 00000142 A1[7507]            <1>                 mov ax,[cols1]
   204 00000145 50                  <1>                 push ax
   205 00000146 E80A01              <1>                 call print  
   206                              <1> 
   207                              <1> 
   208 00000149 B8[7607]            <1>                 mov ax,Mystr2
   209 0000014C 50                  <1>                 push ax
   210 0000014D A1[7307]            <1>                 mov ax,[attribute]
   211 00000150 50                  <1>                 push ax
   212 00000151 A1[7B07]            <1>                 mov ax,[row2]
   213 00000154 50                  <1>                 push ax
   214 00000155 A1[7C07]            <1>                 mov ax,[cols2]
   215 00000158 50                  <1>                 push ax
   216 00000159 E8F700              <1>                 call print
   217                              <1> 
   218                              <1> 
   219 0000015C B8[7D07]            <1>                 mov ax,Mystr3
   220 0000015F 50                  <1>                 push ax
   221 00000160 A1[7307]            <1>                 mov ax,[attribute]
   222 00000163 50                  <1>                 push ax
   223 00000164 A1[8207]            <1>                 mov ax,[row3]
   224 00000167 50                  <1>                 push ax
   225 00000168 A1[8307]            <1>                 mov ax,[cols3]
   226 0000016B 50                  <1>                 push ax
   227 0000016C E8E400              <1>                 call print
   228                              <1> 
   229 0000016F B8[6E07]            <1>                 mov ax,Mystr1
   230 00000172 50                  <1>                 push ax
   231 00000173 A1[7307]            <1>                 mov ax,[attribute]
   232 00000176 50                  <1>                 push ax
   233 00000177 A1[8407]            <1>                 mov ax,[row4]
   234 0000017A 50                  <1>                 push ax
   235 0000017B A1[8507]            <1>                 mov ax,[cols4]
   236 0000017E 50                  <1>                 push ax
   237 0000017F E8D100              <1>                 call print
   238                              <1> 
   239 00000182 B8[7607]            <1>                 mov ax,Mystr2
   240 00000185 50                  <1>                 push ax
   241 00000186 A1[7307]            <1>                 mov ax,[attribute]
   242 00000189 50                  <1>                 push ax
   243 0000018A A1[8607]            <1>                 mov ax,[row5]
   244 0000018D 50                  <1>                 push ax
   245 0000018E A1[8707]            <1>                 mov ax,[cols5]
   246 00000191 50                  <1>                 push ax
   247 00000192 E8BE00              <1>                 call print
   248                              <1> 
   249 00000195 B8[7D07]            <1>                 mov ax,Mystr3
   250 00000198 50                  <1>                 push ax
   251 00000199 A1[7307]            <1>                 mov ax,[attribute]
   252 0000019C 50                  <1>                 push ax
   253 0000019D A1[8807]            <1>                 mov ax,[row6]
   254 000001A0 50                  <1>                 push ax
   255 000001A1 A1[8907]            <1>                 mov ax,[cols6]
   256 000001A4 50                  <1>                 push ax
   257 000001A5 E8AB00              <1>                 call print
   258                              <1> 
   259                              <1> 
   260                              <1> 
   261                              <1> 
   262 000001A8 A1[8A07]            <1>                 mov ax,[Mychar]
   263 000001AB 50                  <1>                 push ax
   264 000001AC A1[8B07]            <1>                 mov ax,[attr]
   265 000001AF 50                  <1>                 push ax
   266 000001B0 A1[8C07]            <1>                 mov ax,[v_row1]
   267 000001B3 50                  <1>                 push ax
   268 000001B4 A1[8D07]            <1>                 mov ax,[v_cols1]
   269 000001B7 50                  <1>                 push ax
   270 000001B8 A1[8E07]            <1>                 mov ax,[dest_row1]
   271 000001BB 50                  <1>                 push ax
   272 000001BC E8DD00              <1>                 call print_verticle
   273                              <1> 
   274 000001BF A1[8A07]            <1>                 mov ax,[Mychar]
   275 000001C2 50                  <1>                 push ax
   276 000001C3 A1[8B07]            <1>                 mov ax,[attr]
   277 000001C6 50                  <1>                 push ax
   278 000001C7 A1[8F07]            <1>                 mov ax,[v_row2]
   279 000001CA 50                  <1>                 push ax
   280 000001CB A1[9007]            <1>                 mov ax,[v_cols2]
   281 000001CE 50                  <1>                 push ax
   282 000001CF A1[9107]            <1>                 mov ax,[dest_row2]
   283 000001D2 50                  <1>                 push ax
   284 000001D3 E8C600              <1>                 call print_verticle
   285                              <1> 
   286                              <1> 
   287 000001D6 A1[8A07]            <1>                 mov ax,[Mychar]
   288 000001D9 50                  <1>                 push ax
   289 000001DA A1[8B07]            <1>                 mov ax,[attr]
   290 000001DD 50                  <1>                 push ax
   291 000001DE A1[9207]            <1>                 mov ax,[v_row3]
   292 000001E1 50                  <1>                 push ax
   293 000001E2 A1[9307]            <1>                 mov ax,[v_cols3]
   294 000001E5 50                  <1>                 push ax
   295 000001E6 A1[9407]            <1>                 mov ax,[dest_row3]
   296 000001E9 50                  <1>                 push ax
   297 000001EA E8AF00              <1>                 call print_verticle
   298                              <1> 
   299                              <1> 
   300 000001ED A1[8A07]            <1>                 mov ax,[Mychar]
   301 000001F0 50                  <1>                 push ax
   302 000001F1 A1[8B07]            <1>                 mov ax,[attr]
   303 000001F4 50                  <1>                 push ax
   304 000001F5 A1[9507]            <1>                 mov ax,[v_row4]
   305 000001F8 50                  <1>                 push ax
   306 000001F9 A1[9607]            <1>                 mov ax,[v_cols4]
   307 000001FC 50                  <1>                 push ax
   308 000001FD A1[9707]            <1>                 mov ax,[dest_row4]
   309 00000200 50                  <1>                 push ax
   310 00000201 E89800              <1>                 call print_verticle
   311                              <1> 
   312                              <1> 
   313 00000204 A1[9807]            <1>                 mov ax,[h_Mychar]
   314 00000207 50                  <1>                 push ax
   315 00000208 A1[9907]            <1>                 mov ax,[h_attr]
   316 0000020B 50                  <1>                 push ax
   317 0000020C A1[9A07]            <1>                 mov ax,[h_row]
   318 0000020F 50                  <1>                 push ax
   319 00000210 A1[9B07]            <1>                 mov ax,[h_cols]
   320 00000213 50                  <1>                 push ax
   321 00000214 A1[9C07]            <1>                 mov ax,[dest_col]
   322 00000217 50                  <1>                 push ax
   323 00000218 E8D400              <1>                 call print_horizontal
   324                              <1> 
   325 0000021B B800B8              <1> fix_boundry:    mov ax,0xb800
   326 0000021E 8EC0                <1>                 mov es,ax
   327 00000220 B8C11B              <1>                 mov ax,1BC1h
   328 00000223 BFE80D              <1>                 mov di,3560
   329 00000226 268905              <1>                 mov [es:di],ax
   330 00000229 81C71400            <1>                 add di,20
   331 0000022D 268905              <1>                 mov [es:di],ax
   332 00000230 B8BA1B              <1>                 mov ax,1BBAh
   333 00000233 81C71200            <1>                 add di,18  
   334 00000237 268905              <1>                 mov [es:di],ax
   335 0000023A 81C70200            <1>                 add di,2
   336 0000023E 268905              <1>                 mov [es:di],ax
   337 00000241 B8C11B              <1>                 mov ax,1BC1h
   338 00000244 81C72800            <1>                 add di,40
   339 00000248 268905              <1>                 mov [es:di],ax
   340 0000024B 81C71400            <1>                 add di,20
   341 0000024F 268905              <1>                 mov [es:di],ax
   342                              <1> 
   343                              <1> 
   344 00000252 C3                  <1>                 ret
   345                                  %include "helper.asm"
   346                              <1> 
   347 00000253 55                  <1> print:  push bp
   348 00000254 89E5                <1>         mov bp,sp
   349 00000256 50                  <1>         push ax
   350 00000257 53                  <1>         push bx
   351 00000258 56                  <1>         push si
   352 00000259 57                  <1>         push di
   353 0000025A 06                  <1>         push es
   354 0000025B 31F6                <1>         xor si,si
   355 0000025D 31FF                <1>         xor di,di
   356 0000025F B800B8              <1>         mov ax,0xb800
   357 00000262 8EC0                <1>         mov es,ax
   358 00000264 31C0                <1>         xor ax,ax
   359 00000266 31DB                <1>         xor bx,bx
   360                              <1>         
   361 00000268 8B760A              <1>         mov si,[bp+10]
   362 0000026B B350                <1>         mov bl,80
   363 0000026D 8A4606              <1>         mov al,[bp+6]
   364 00000270 F6E3                <1>         mul bl
   365 00000272 8A5E04              <1>         mov bl,[bp+4]
   366 00000275 01D8                <1>         add ax,bx
   367 00000277 D1E0                <1>         shl ax,1
   368 00000279 89C7                <1>         mov di,ax
   369 0000027B 31C0                <1>         xor ax,ax
   370 0000027D 8A6608              <1>         mov ah,[bp+8]
   371 00000280 E90000              <1>         jmp print_loop
   372                              <1> 
   373 00000283 8A04                <1> print_loop:     mov al,[si]
   374 00000285 3C00                <1>                 cmp al,0
   375 00000287 740A                <1>                 jz return_print
   376 00000289 268905              <1>                 mov [es:di],ax
   377 0000028C 46                  <1>                 inc si
   378 0000028D 81C70200            <1>                 add di,2
   379 00000291 EBF0                <1>                 jmp print_loop
   380                              <1> 
   381 00000293 07                  <1> return_print:   pop es
   382 00000294 5F                  <1>                 pop di
   383 00000295 5E                  <1>                 pop si
   384 00000296 5B                  <1>                 pop bx
   385 00000297 58                  <1>                 pop ax
   386 00000298 5D                  <1>                 pop bp
   387 00000299 C20800              <1>                 ret 8
   388                              <1> 
   389                              <1> 
   390 0000029C 55                  <1> print_verticle: push bp
   391 0000029D 89E5                <1>                 mov bp,sp
   392 0000029F 50                  <1>                 push ax
   393 000002A0 53                  <1>                 push bx
   394 000002A1 57                  <1>                 push di
   395 000002A2 06                  <1>                 push es
   396 000002A3 B800B8              <1>                 mov ax,0xb800
   397 000002A6 8EC0                <1>                 mov es,ax
   398 000002A8 31C0                <1>                 xor ax,ax
   399 000002AA 31DB                <1>                 xor bx,bx
   400                              <1> 
   401                              <1>                 ; calculated the position of the source from where we have to start printing
   402 000002AC 8A4608              <1>                 mov al,[bp+8]
   403 000002AF B350                <1>                 mov bl,80
   404 000002B1 F6E3                <1>                 mul bl
   405 000002B3 8A5E06              <1>                 mov bl,[bp+6]
   406 000002B6 01D8                <1>                 add ax,bx
   407 000002B8 D1E0                <1>                 shl ax,1
   408 000002BA 89C7                <1>                 mov di,ax
   409                              <1> 
   410 000002BC 31C0                <1>                 xor ax,ax
   411 000002BE 31DB                <1>                 xor bx,bx
   412                              <1> 
   413                              <1>                ; calculated the position of the destination uptil where we have to print
   414 000002C0 8A4604              <1>                 mov al,[bp+4]
   415 000002C3 B350                <1>                 mov bl,80
   416 000002C5 F6E3                <1>                 mul bl
   417 000002C7 8A5E06              <1>                 mov bl,[bp+6]
   418 000002CA 01D8                <1>                 add ax,bx
   419 000002CC D1E0                <1>                 shl ax,1
   420 000002CE 89C3                <1>                 mov bx,ax
   421                              <1>                 
   422                              <1>                 ; moved the character and the attribute in the ax register
   423 000002D0 8A460C              <1>                 mov al,[bp+12]
   424 000002D3 8A660A              <1>                 mov ah,[bp+10]
   425 000002D6 E90000              <1>                 jmp vert_loop
   426                              <1> 
   427 000002D9 268905              <1> vert_loop:      mov [es:di],ax
   428 000002DC 81C7A000            <1>                 add di,160
   429 000002E0 39DF                <1>                 cmp di,bx
   430 000002E2 7EF5                <1>                 jle vert_loop
   431 000002E4 E90000              <1>                 jmp return_vert
   432                              <1> 
   433 000002E7 07                  <1> return_vert:    pop es
   434 000002E8 5F                  <1>                 pop di
   435 000002E9 5B                  <1>                 pop bx
   436 000002EA 58                  <1>                 pop ax
   437 000002EB 5D                  <1>                 pop bp
   438 000002EC C20A00              <1>                 ret 10
   439                              <1> 
   440                              <1> 
   441                              <1> 
   442                              <1> 
   443 000002EF 55                  <1> print_horizontal:       push bp
   444 000002F0 89E5                <1>                         mov bp,sp
   445 000002F2 50                  <1>                         push ax
   446 000002F3 53                  <1>                         push bx
   447 000002F4 57                  <1>                         push di
   448 000002F5 06                  <1>                         push es
   449 000002F6 B800B8              <1>                         mov ax,0xb800
   450 000002F9 8EC0                <1>                         mov es,ax
   451 000002FB 31C0                <1>                         xor ax,ax
   452 000002FD 31DB                <1>                         xor bx,bx
   453                              <1> 
   454                              <1>                         ; calculated the position of the source from where we have to start printing
   455 000002FF 8A4608              <1>                         mov al,[bp+8]
   456 00000302 B350                <1>                         mov bl,80
   457 00000304 F6E3                <1>                         mul bl
   458 00000306 8A5E06              <1>                         mov bl,[bp+6]
   459 00000309 01D8                <1>                         add ax,bx
   460 0000030B D1E0                <1>                         shl ax,1
   461 0000030D 89C7                <1>                         mov di,ax
   462                              <1> 
   463 0000030F 31C0                <1>                         xor ax,ax
   464 00000311 31DB                <1>                         xor bx,bx
   465                              <1> 
   466                              <1>                         ;calculated the position of the destination uptil where we have to print
   467 00000313 8A4608              <1>                         mov al,[bp+8]
   468 00000316 B350                <1>                         mov bl,80
   469 00000318 F6E3                <1>                         mul bl
   470 0000031A 8A5E04              <1>                         mov bl,[bp+4]
   471 0000031D 01D8                <1>                         add ax,bx
   472 0000031F D1E0                <1>                         shl ax,1
   473 00000321 89C3                <1>                         mov bx,ax
   474                              <1>                 
   475                              <1>                         ; moved the character and the attribute in the ax register
   476 00000323 8A460C              <1>                         mov al,[bp+12]
   477 00000326 8A660A              <1>                         mov ah,[bp+10]
   478 00000329 E90000              <1>                         jmp hori_loop
   479                              <1> 
   480 0000032C 268905              <1> hori_loop:      mov [es:di],ax
   481 0000032F 81C70200            <1>                 add di,2
   482 00000333 39DF                <1>                 cmp di,bx
   483 00000335 7EF5                <1>                 jle hori_loop
   484 00000337 E90000              <1>                 jmp return_hori
   485                              <1> 
   486 0000033A 07                  <1> return_hori:    pop es
   487 0000033B 5F                  <1>                 pop di
   488 0000033C 5B                  <1>                 pop bx
   489 0000033D 58                  <1>                 pop ax
   490 0000033E 5D                  <1>                 pop bp
   491 0000033F C20A00              <1>                 ret 10
   492                              <1> 
   493                              <1> 
   494 00000342 55                  <1> print_number:   push bp
   495 00000343 89E5                <1>                 mov bp,sp
   496 00000345 50                  <1>                 push ax
   497 00000346 53                  <1>                 push bx
   498 00000347 51                  <1>                 push cx
   499 00000348 52                  <1>                 push dx
   500 00000349 56                  <1>                 push si
   501 0000034A 57                  <1>                 push di
   502 0000034B 06                  <1>                 push es
   503 0000034C B800B8              <1>                 mov ax,0xb800
   504 0000034F 8EC0                <1>                 mov es,ax
   505                              <1> 
   506 00000351 31C0                <1>                 xor ax,ax
   507 00000353 31DB                <1>                 xor bx,bx
   508 00000355 31C9                <1>                 xor cx,cx
   509 00000357 31F6                <1>                 xor si,si
   510 00000359 31FF                <1>                 xor di,di
   511                              <1> 
   512 0000035B 8B4606              <1>                 mov ax,[bp+6]   ;row
   513 0000035E B350                <1>                 mov bl,80
   514 00000360 F6E3                <1>                 mul bl
   515 00000362 8B5E04              <1>                 mov bx,[bp+4]   ;column
   516 00000365 01D8                <1>                 add ax,bx
   517 00000367 D1E0                <1>                 shl ax,1        ; the point at which we have to print
   518 00000369 89C7                <1>                 mov di,ax
   519                              <1> 
   520 0000036B 8B460C              <1>                 mov ax,[bp+12]  ; as the number can be 32 byte, half will be in ax and other half in dx
   521 0000036E 8B560A              <1>                 mov dx,[bp+10]  ; the higher number
   522 00000371 BB0A00              <1>                 mov bx,10
   523 00000374 E90000              <1>                 jmp push_loop
   524                              <1> 
   525 00000377 F7F3                <1> push_loop:      div bx
   526 00000379 81C23000            <1>                 add dx,0x30
   527 0000037D 52                  <1>                 push dx
   528 0000037E 41                  <1>                 inc cx
   529 0000037F 3D0000              <1>                 cmp ax,0
   530 00000382 7404                <1>                 je num_printing
   531 00000384 31D2                <1>                 xor dx,dx
   532 00000386 EBEF                <1>                 jmp push_loop
   533                              <1> 
   534 00000388 58                  <1> num_printing:   pop ax
   535 00000389 8A6608              <1>                 mov ah,[bp+8]
   536 0000038C 268905              <1>                 mov [es:di],ax
   537 0000038F 81C70200            <1>                 add di,2
   538 00000393 81E90100            <1>                 sub cx,1
   539 00000397 75EF                <1>                 jnz num_printing
   540 00000399 E90000              <1>                 jmp return_num
   541                              <1> 
   542 0000039C 07                  <1> return_num:     pop es
   543 0000039D 5F                  <1>                 pop di
   544 0000039E 5E                  <1>                 pop si
   545 0000039F 5A                  <1>                 pop dx
   546 000003A0 59                  <1>                 pop cx
   547 000003A1 5B                  <1>                 pop bx
   548 000003A2 58                  <1>                 pop ax
   549 000003A3 5D                  <1>                 pop bp
   550 000003A4 C20A00              <1>                 ret 10
   551                              <1> 
   552                              <1> 
   553                              <1> 
   554 000003A7 55                  <1> print_character:        push bp
   555 000003A8 89E5                <1>                         mov bp,sp
   556 000003AA 50                  <1>                         push ax
   557 000003AB 53                  <1>                         push bx
   558 000003AC 57                  <1>                         push di
   559 000003AD 06                  <1>                         push es
   560 000003AE 31DB                <1>                         xor bx,bx
   561 000003B0 31C0                <1>                         xor ax,ax
   562 000003B2 31FF                <1>                         xor di,di
   563 000003B4 B800B8              <1>                         mov ax,0xb800
   564 000003B7 8EC0                <1>                         mov es,ax
   565                              <1> 
   566 000003B9 8B4606              <1>                         mov ax,[bp+6]   ;row
   567 000003BC B350                <1>                         mov bl,80
   568 000003BE F6E3                <1>                         mul bl
   569 000003C0 8B5E04              <1>                         mov bx,[bp+4]   ;col
   570 000003C3 01D8                <1>                         add ax,bx
   571 000003C5 D1E0                <1>                         shl ax,1
   572 000003C7 89C7                <1>                         mov di,ax
   573 000003C9 8B5E08              <1>                         mov bx,[bp+8]   ;attribute
   574 000003CC 88DC                <1>                         mov ah,bl
   575 000003CE 8B5E0A              <1>                         mov bx,[bp+10]  ; char
   576 000003D1 88D8                <1>                         mov al,bl
   577                              <1> 
   578 000003D3 268905              <1>                         mov [es:di],ax
   579 000003D6 E90000              <1>                         jmp return_print_character
   580                              <1> 
   581 000003D9 07                  <1> return_print_character: pop es
   582 000003DA 5F                  <1>                         pop di
   583 000003DB 5B                  <1>                         pop bx
   584 000003DC 58                  <1>                         pop ax
   585 000003DD 5D                  <1>                         pop bp
   586 000003DE C20800              <1>                         ret 8
   587                              <1> 
   588                              <1> 
   589                              <1> 
   590                                  %include "help_ui.asm"
   591                              <1> 
   592                              <1> 
   593 000003E1 55                  <1> clscr:  push bp
   594 000003E2 89E5                <1>         mov bp,sp
   595 000003E4 50                  <1>         push ax
   596 000003E5 06                  <1>         push es
   597 000003E6 57                  <1>         push di
   598 000003E7 31FF                <1>         xor di,di
   599 000003E9 B800B8              <1>         mov ax,0xb800
   600 000003EC 8EC0                <1>         mov es,ax
   601 000003EE B82000              <1>         mov ax, 0x0020
   602 000003F1 E90000              <1>         jmp clear_loop
   603                              <1> 
   604 000003F4 268905              <1> clear_loop: mov [es:di],ax
   605 000003F7 81C70200            <1>             add di,2
   606 000003FB 81FFA00F            <1>             cmp di,4000
   607 000003FF 75F3                <1>             jnz clear_loop
   608 00000401 E90000              <1>             jmp return_clscr
   609                              <1> 
   610 00000404 5F                  <1> return_clscr:   pop di
   611 00000405 07                  <1>                 pop es
   612 00000406 58                  <1>                 pop ax
   613 00000407 5D                  <1>                 pop bp
   614 00000408 C3                  <1>                 ret
   615                              <1> 
   616                              <1> 
   617 00000409 55                  <1> blue_background:    push bp
   618 0000040A 89E5                <1>                     mov bp,sp
   619 0000040C 50                  <1>                     push ax
   620 0000040D 57                  <1>                     push di
   621 0000040E 06                  <1>                     push es
   622 0000040F 31FF                <1>                     xor di,di
   623 00000411 B800B8              <1>                     mov ax,0xb800
   624 00000414 8EC0                <1>                     mov es,ax
   625 00000416 B82010              <1>                     mov ax,1020h
   626 00000419 E90000              <1>                     jmp background_loop
   627                              <1> 
   628 0000041C 268905              <1> background_loop:    mov [es:di],ax
   629 0000041F 81C70200            <1>                     add di,2
   630 00000423 81FFA00F            <1>                     cmp di,4000
   631 00000427 75F3                <1>                     jnz background_loop
   632 00000429 E90000              <1>                     jmp ret_back
   633                              <1> 
   634                              <1> 
   635 0000042C 07                  <1> ret_back:   pop es
   636 0000042D 5F                  <1>             pop di
   637 0000042E 58                  <1>             pop ax
   638 0000042F 5D                  <1>             pop bp
   639 00000430 C3                  <1>             ret
   640                              <1> 
   641                              <1> 
   642 00000431 55                  <1> boundry:  push bp
   643 00000432 89E5                <1>         mov bp,sp
   644 00000434 50                  <1>         push ax
   645 00000435 06                  <1>         push es
   646 00000436 57                  <1>         push di
   647 00000437 56                  <1>         push si
   648 00000438 B800B8              <1>         mov ax,0xb800
   649 0000043B 8EC0                <1>         mov es,ax
   650 0000043D 31FF                <1>         xor di,di
   651 0000043F B8CD1B              <1>         mov ax,0x1BCD
   652 00000442 E90000              <1>         jmp upper_loop
   653                              <1> 
   654                              <1> 
   655 00000445 268905              <1> upper_loop:     mov [es:di],ax
   656 00000448 81C70200            <1>                 add di,2
   657 0000044C 81FFA000            <1>                 cmp di,160
   658 00000450 75F3                <1>                 jnz upper_loop
   659 00000452 81EF0200            <1>                 sub di,2
   660 00000456 B8BA1B              <1>                 mov ax,0x1BBA
   661 00000459 E90000              <1>                 jmp right_loop
   662                              <1> 
   663 0000045C 268905              <1> right_loop:     mov [es:di],ax
   664 0000045F 81C7A000            <1>                 add di,160
   665 00000463 81FFA00F            <1>                 cmp di,4000
   666 00000467 7CF3                <1>                 jl right_loop
   667 00000469 81EFA000            <1>                 sub di,160
   668 0000046D B8CD1B              <1>                 mov ax,0x1BCD
   669 00000470 E90000              <1>                 jmp down_loop
   670                              <1> 
   671 00000473 268905              <1> down_loop:      mov [es:di],ax
   672 00000476 81EF0200            <1>                 sub di,2
   673 0000047A 81FF000F            <1>                 cmp di,0x0F00
   674 0000047E 7DF3                <1>                 jge down_loop
   675 00000480 81C70200            <1>                 add di,2
   676 00000484 B8BA1B              <1>                 mov ax,0x1BBA
   677 00000487 E90000              <1>                 jmp left_loop
   678                              <1> 
   679 0000048A 268905              <1> left_loop:      mov [es:di],ax
   680 0000048D 81EFA000            <1>                 sub di,160
   681 00000491 81FF0000            <1>                 cmp di,0
   682 00000495 7FF3                <1>                 jg left_loop
   683                              <1>                 ; correcting borders, i think if i first compare in loop and make the borders in loop
   684                              <1>                 ; that would be more computationaly expensive
   685 00000497 BF0000              <1>                 mov di,0        ; top left
   686 0000049A B8C91B              <1>                 mov ax,0x1BC9   
   687 0000049D 268905              <1>                 mov [es:di],ax
   688 000004A0 BF9E00              <1>                 mov di,158      ; top right
   689 000004A3 B8BB1B              <1>                 mov ax,0x1BBB
   690 000004A6 268905              <1>                 mov [es:di],ax
   691 000004A9 BF9E0F              <1>                 mov di,3998     ; bottom right
   692 000004AC B8BC1B              <1>                 mov ax,0x1BBC
   693 000004AF 268905              <1>                 mov [es:di],ax
   694 000004B2 BF000F              <1>                 mov di,0x0F00   ;bottom left
   695 000004B5 B8C81B              <1>                 mov ax,0x1BC8
   696 000004B8 268905              <1>                 mov [es:di],ax
   697 000004BB E90000              <1>                 jmp panes
   698                              <1> 
   699 000004BE BF5000              <1> panes:  mov di,80
   700 000004C1 BE4E00              <1>         mov si,78
   701 000004C4 B8BA1B              <1>         mov ax,1BBAh
   702 000004C7 268904              <1> @here   mov [es:si],ax
   703 000004CA 268905              <1>         mov [es:di],ax
   704 000004CD 81C6A000            <1>         add si,160
   705 000004D1 81C7A000            <1>         add di,160
   706 000004D5 81FF000F            <1>         cmp di,0x0F00
   707 000004D9 7EEC                <1>         jle @here
   708                              <1>         ; now correcting the boundries of the panes
   709 000004DB BF4E00              <1>         mov di,78       ; for the ╗ of left pane
   710 000004DE B8BB1B              <1>         mov ax,0x1BBB
   711 000004E1 268905              <1>         mov [es:di],ax
   712 000004E4 81C70200            <1>         add di,2        ; for the ╔ of right pane
   713 000004E8 B8C91B              <1>         mov ax,0x1BC9
   714 000004EB 268905              <1>         mov [es:di],ax
   715 000004EE BF4E0F              <1>         mov di,0x0F4E   ; for the boundry of first pane's bottom right
   716 000004F1 B8BC1B              <1>         mov ax,0x1BBC
   717 000004F4 268905              <1>         mov [es:di],ax
   718 000004F7 81C70200            <1>         add di,2        ; for the boundry of second pane's bottom left
   719 000004FB B8C81B              <1>         mov ax,0x1BC8
   720 000004FE 268905              <1>         mov [es:di],ax
   721 00000501 E90000              <1>         jmp return_boundry
   722                              <1> 
   723 00000504 5E                  <1> return_boundry: pop si
   724 00000505 5F                  <1>                 pop di
   725 00000506 07                  <1>                 pop es
   726 00000507 58                  <1>                 pop ax
   727 00000508 5D                  <1>                 pop bp
   728 00000509 C3                  <1>                 ret
   729                              <1> 
   730                              <1> 
   731                                  %include "logic.asm"
   732                              <1> 
   733 0000050A 55                  <1> highlight_row:  push bp
   734 0000050B 89E5                <1>                 mov bp,sp
   735 0000050D 50                  <1>                 push ax
   736 0000050E 53                  <1>                 push bx
   737 0000050F 52                  <1>                 push dx
   738 00000510 56                  <1>                 push si
   739 00000511 57                  <1>                 push di
   740 00000512 06                  <1>                 push es
   741                              <1> 
   742 00000513 B800B8              <1>                 mov ax,0xb800
   743 00000516 8EC0                <1>                 mov es,ax
   744 00000518 31DB                <1>                 xor bx,bx
   745 0000051A 31D2                <1>                 xor dx,dx
   746 0000051C 8B460E              <1>                 mov ax,[bp+14]  ;active_pane
   747 0000051F 3D0000              <1>                 cmp ax,0
   748 00000522 7403                <1>                 jz left_pane
   749 00000524 E91E00              <1>                 jmp right_pane
   750                              <1> 
   751 00000527 8B460C              <1> left_pane:      mov ax,[bp+12]
   752 0000052A B350                <1>                 mov bl,80
   753 0000052C F6E3                <1>                 mul bl
   754 0000052E 89C2                <1>                 mov dx,ax
   755 00000530 8B5E0A              <1>                 mov bx,[bp+10]  
   756 00000533 01D8                <1>                 add ax,bx       ; ax contains the starting index
   757 00000535 D1E0                <1>                 shl ax,1
   758 00000537 8B5E08              <1>                 mov bx,[bp+8]
   759 0000053A 01DA                <1>                 add dx,bx       ;dx contains the ending index
   760 0000053C D1E2                <1>                 shl dx,1
   761 0000053E 89C6                <1>                 mov si,ax
   762 00000540 89D7                <1>                 mov di,dx
   763 00000542 E91E00              <1>                 jmp highlight_loop
   764                              <1> 
   765                              <1> 
   766 00000545 8B460C              <1> right_pane:     mov ax,[bp+12]
   767 00000548 B350                <1>                 mov bl,80
   768 0000054A F6E3                <1>                 mul bl
   769 0000054C 89C2                <1>                 mov dx,ax
   770 0000054E 8B5E06              <1>                 mov bx,[bp+6]
   771 00000551 01D8                <1>                 add ax,bx
   772 00000553 D1E0                <1>                 shl ax,1
   773 00000555 8B5E04              <1>                 mov bx,[bp+4]
   774 00000558 01DA                <1>                 add dx,bx
   775 0000055A D1E2                <1>                 shl dx,1
   776 0000055C 89C6                <1>                 mov si,ax
   777 0000055E 89D7                <1>                 mov di,dx
   778 00000560 E90000              <1>                 jmp highlight_loop
   779                              <1> 
   780 00000563 268B04              <1> highlight_loop: mov ax,[es:si]
   781 00000566 B431                <1>                 mov ah,31h
   782 00000568 268904              <1>                 mov [es:si],ax
   783 0000056B 81C60200            <1>                 add si,2
   784 0000056F 39FE                <1>                 cmp si,di
   785 00000571 7EF0                <1>                 jle highlight_loop
   786 00000573 E90000              <1>                 jmp return_highlight
   787                              <1> 
   788 00000576 07                  <1> return_highlight:       pop es
   789 00000577 5F                  <1>                         pop di
   790 00000578 5E                  <1>                         pop si
   791 00000579 5A                  <1>                         pop dx
   792 0000057A 5B                  <1>                         pop bx
   793 0000057B 58                  <1>                         pop ax
   794 0000057C 5D                  <1>                         pop bp
   795 0000057D C20C00              <1>                         ret 12
   796                              <1> 
   797                              <1> 
   798                              <1> 
   799 00000580 55                  <1> unhighlight_row:  push bp
   800 00000581 89E5                <1>                 mov bp,sp
   801 00000583 50                  <1>                 push ax
   802 00000584 53                  <1>                 push bx
   803 00000585 52                  <1>                 push dx
   804 00000586 56                  <1>                 push si
   805 00000587 57                  <1>                 push di
   806 00000588 06                  <1>                 push es
   807                              <1> 
   808 00000589 B800B8              <1>                 mov ax,0xb800
   809 0000058C 8EC0                <1>                 mov es,ax
   810 0000058E 31DB                <1>                 xor bx,bx
   811 00000590 31D2                <1>                 xor dx,dx
   812 00000592 8B460E              <1>                 mov ax,[bp+14]  ;active_pane
   813 00000595 3D0000              <1>                 cmp ax,0
   814 00000598 7403                <1>                 jz unleft_pane
   815 0000059A E91E00              <1>                 jmp unright_pane
   816                              <1> 
   817 0000059D 8B460C              <1> unleft_pane:      mov ax,[bp+12]
   818 000005A0 B350                <1>                 mov bl,80
   819 000005A2 F6E3                <1>                 mul bl
   820 000005A4 89C2                <1>                 mov dx,ax
   821 000005A6 8B5E0A              <1>                 mov bx,[bp+10]  
   822 000005A9 01D8                <1>                 add ax,bx       ; ax contains the starting index
   823 000005AB D1E0                <1>                 shl ax,1
   824 000005AD 8B5E08              <1>                 mov bx,[bp+8]
   825 000005B0 01DA                <1>                 add dx,bx       ;dx contains the ending index
   826 000005B2 D1E2                <1>                 shl dx,1
   827 000005B4 89C6                <1>                 mov si,ax
   828 000005B6 89D7                <1>                 mov di,dx
   829 000005B8 E91E00              <1>                 jmp unhighlight_loop
   830                              <1> 
   831                              <1> 
   832 000005BB 8B460C              <1> unright_pane:     mov ax,[bp+12]
   833 000005BE B350                <1>                 mov bl,80
   834 000005C0 F6E3                <1>                 mul bl
   835 000005C2 89C2                <1>                 mov dx,ax
   836 000005C4 8B5E06              <1>                 mov bx,[bp+6]
   837 000005C7 01D8                <1>                 add ax,bx
   838 000005C9 D1E0                <1>                 shl ax,1
   839 000005CB 8B5E04              <1>                 mov bx,[bp+4]
   840 000005CE 01DA                <1>                 add dx,bx
   841 000005D0 D1E2                <1>                 shl dx,1
   842 000005D2 89C6                <1>                 mov si,ax
   843 000005D4 89D7                <1>                 mov di,dx
   844 000005D6 E90000              <1>                 jmp unhighlight_loop
   845                              <1> 
   846 000005D9 268B04              <1> unhighlight_loop: mov ax,[es:si]
   847 000005DC B41B                <1>                 mov ah,1Bh
   848 000005DE 268904              <1>                 mov [es:si],ax
   849 000005E1 81C60200            <1>                 add si,2
   850 000005E5 39FE                <1>                 cmp si,di
   851 000005E7 7EF0                <1>                 jle unhighlight_loop
   852 000005E9 E90000              <1>                 jmp return_unhighlight
   853                              <1> 
   854 000005EC 07                  <1> return_unhighlight:       pop es
   855 000005ED 5F                  <1>                         pop di
   856 000005EE 5E                  <1>                         pop si
   857 000005EF 5A                  <1>                         pop dx
   858 000005F0 5B                  <1>                         pop bx
   859 000005F1 58                  <1>                         pop ax
   860 000005F2 5D                  <1>                         pop bp
   861 000005F3 C20C00              <1>                         ret 12
   862                              <1> 
   863                                  %include "extract.asm"
   864                              <1> 
   865                              <1> 
   866 000005F6 55                  <1> file_extract:   push bp 
   867 000005F7 89E5                <1>                 mov bp,sp
   868 000005F9 50                  <1>                 push ax
   869 000005FA 53                  <1>                 push bx
   870 000005FB 51                  <1>                 push cx
   871 000005FC 52                  <1>                 push dx
   872 000005FD 57                  <1>                 push di
   873 000005FE 56                  <1>                 push si
   874 000005FF 06                  <1>                 push es
   875 00000600 B800B8              <1>                 mov ax,0xb800
   876 00000603 8EC0                <1>                 mov es,ax
   877 00000605 31C0                <1>                 xor ax,ax
   878 00000607 31F6                <1>                 xor si,si
   879 00000609 31FF                <1>                 xor di,di
   880 0000060B 8B7E04              <1>                 mov di,[bp+4]
   881 0000060E B90200              <1>                 mov cx,2
   882 00000611 BE[D207]            <1>                 mov si,file_list
   883 00000614 E90000              <1>                 jmp extract_loop    ; name is 13 bytes
   884                              <1> 
   885 00000617 8A04                <1> extract_loop:   mov al,[si]
   886 00000619 3CFF                <1>                 cmp al,0FFh ; is this the end?
   887 0000061B 0F84AA00            <1>                 je near return_file_extract
   888                              <1> 
   889 0000061F 81F91600            <1>                 cmp cx,22   ; have we hit the end row
   890 00000623 0F84A200            <1>                 je near return_file_extract
   891                              <1> 
   892 00000627 E90000              <1>                 jmp extract_name
   893                              <1> 
   894 0000062A 89F0                <1> extract_name:   mov ax,si
   895 0000062C 50                  <1>                 push ax
   896 0000062D B81B00              <1>                 mov ax,0x1B
   897 00000630 50                  <1>                 push ax
   898 00000631 89C8                <1>                 mov ax,cx
   899 00000633 50                  <1>                 push ax
   900 00000634 89F8                <1>                 mov ax,di
   901 00000636 50                  <1>                 push ax
   902 00000637 E819FC              <1>                 call print
   903 0000063A E90000              <1>                 jmp extract_size
   904                              <1> 
   905 0000063D 8B440E              <1> extract_size:   mov ax,[si+14]
   906 00000640 50                  <1>                 push ax
   907 00000641 8B4410              <1>                 mov ax,[si+16]
   908 00000644 50                  <1>                 push ax
   909 00000645 B81B00              <1>                 mov ax,0x1B
   910 00000648 50                  <1>                 push ax
   911 00000649 89C8                <1>                 mov ax,cx
   912 0000064B 50                  <1>                 push ax
   913 0000064C 89F8                <1>                 mov ax,di
   914 0000064E 051400              <1>                 add ax,20
   915 00000651 50                  <1>                 push ax
   916 00000652 E8EDFC              <1>                 call print_number
   917 00000655 E90000              <1>                 jmp extract_date
   918                              <1> 
   919 00000658 8B4412              <1> extract_date:   mov ax,[si+18]
   920 0000065B 251F00              <1>                 and ax,001Fh
   921                              <1> 
   922 0000065E 3D0A00              <1>                 cmp ax,10
   923 00000661 7C71                <1>                 jl print_leading_zero1
   924 00000663 50                  <1>                 push ax
   925 00000664 B80000              <1>                 mov ax,0
   926 00000667 50                  <1>                 push ax
   927 00000668 B81B00              <1>                 mov ax,0x1B
   928 0000066B 50                  <1>                 push ax
   929 0000066C 89C8                <1>                 mov ax,cx
   930 0000066E 50                  <1>                 push ax
   931 0000066F 89F8                <1>                 mov ax,di
   932 00000671 051E00              <1>                 add ax,30
   933 00000674 50                  <1>                 push ax
   934 00000675 E8CAFC              <1>                 call print_number
   935                              <1> 
   936 00000678 8B4412              <1> @leading_here:  mov ax,[si+18]
   937 0000067B C1E805              <1>                 shr ax,5
   938 0000067E 250F00              <1>                 and ax, 000Fh
   939                              <1> 
   940 00000681 3D0A00              <1>                 cmp ax,10
   941 00000684 0F8C8000            <1>                 jl near print_leading_zero2
   942 00000688 50                  <1>                 push ax
   943 00000689 B80000              <1>                 mov ax,0
   944 0000068C 50                  <1>                 push ax
   945 0000068D B81B00              <1>                 mov ax,0x1B
   946 00000690 50                  <1>                 push ax
   947 00000691 89C8                <1>                 mov ax,cx
   948 00000693 50                  <1>                 push ax
   949 00000694 89F8                <1>                 mov ax,di
   950 00000696 052100              <1>                 add ax,33
   951 00000699 50                  <1>                 push ax
   952 0000069A E8A5FC              <1>                 call print_number
   953                              <1> 
   954 0000069D 8B4412              <1> @leading_here2: mov ax,[si+18]
   955 000006A0 C1E809              <1>                 shr ax,9
   956 000006A3 257F00              <1>                 and ax,007FH
   957 000006A6 2D1400              <1>                 sub ax,20     ;years since 1980
   958 000006A9 50                  <1>                 push ax
   959 000006AA B80000              <1>                 mov ax,0
   960 000006AD 50                  <1>                 push ax
   961 000006AE B81B00              <1>                 mov ax,0x1B
   962 000006B1 50                  <1>                 push ax
   963 000006B2 89C8                <1>                 mov ax,cx
   964 000006B4 50                  <1>                 push ax
   965 000006B5 89F8                <1>                 mov ax,di
   966 000006B7 052400              <1>                 add ax,36
   967 000006BA 50                  <1>                 push ax
   968 000006BB E884FC              <1>                 call print_number
   969 000006BE E97E00              <1>                 jmp print_dashes
   970 000006C1 81C62000            <1> @return_from_dashes:    add si,32
   971 000006C5 41                  <1>                         inc cx
   972 000006C6 E94EFF              <1>                         jmp extract_loop                
   973                              <1> 
   974                              <1> 
   975 000006C9 07                  <1> return_file_extract:    pop es
   976 000006CA 5E                  <1>                         pop si
   977 000006CB 5F                  <1>                         pop di
   978 000006CC 5A                  <1>                         pop dx
   979 000006CD 59                  <1>                         pop cx
   980 000006CE 5B                  <1>                         pop bx
   981 000006CF 58                  <1>                         pop ax
   982 000006D0 5D                  <1>                         pop bp
   983 000006D1 C20200              <1>                         ret 2
   984                              <1> 
   985                              <1> 
   986                              <1> 
   987 000006D4 31C0                <1> print_leading_zero1: xor ax,ax
   988 000006D6 B83000              <1>                     mov ax,30h
   989 000006D9 50                  <1>                     push ax
   990 000006DA B81B00              <1>                     mov ax,0x1B
   991 000006DD 50                  <1>                     push ax
   992 000006DE 89C8                <1>                     mov ax,cx
   993 000006E0 50                  <1>                     push ax
   994 000006E1 89F8                <1>                     mov ax,di
   995 000006E3 051E00              <1>                     add ax,30
   996 000006E6 50                  <1>                     push ax
   997 000006E7 E8BDFC              <1>                     call print_character
   998                              <1> 
   999                              <1> 
  1000 000006EA 8B4412              <1>                     mov ax,[si+18]
  1001 000006ED 251F00              <1>                     and ax,001Fh
  1002 000006F0 50                  <1>                     push ax
  1003 000006F1 B80000              <1>                     mov ax,0
  1004 000006F4 50                  <1>                     push ax
  1005 000006F5 B81B00              <1>                     mov ax,0x1B
  1006 000006F8 50                  <1>                     push ax
  1007 000006F9 89C8                <1>                     mov ax,cx
  1008 000006FB 50                  <1>                     push ax
  1009 000006FC 89F8                <1>                     mov ax,di
  1010 000006FE 051F00              <1>                     add ax,31
  1011 00000701 50                  <1>                     push ax
  1012 00000702 E83DFC              <1>                     call print_number
  1013 00000705 E970FF              <1>                     jmp @leading_here
  1014                              <1> 
  1015                              <1> 
  1016 00000708 31C0                <1> print_leading_zero2: xor ax,ax
  1017 0000070A B83000              <1>                     mov ax,30h
  1018 0000070D 50                  <1>                     push ax
  1019 0000070E B81B00              <1>                     mov ax,0x1B
  1020 00000711 50                  <1>                     push ax
  1021 00000712 89C8                <1>                     mov ax,cx
  1022 00000714 50                  <1>                     push ax
  1023 00000715 89F8                <1>                     mov ax,di
  1024 00000717 052100              <1>                     add ax,33
  1025 0000071A 50                  <1>                     push ax
  1026 0000071B E889FC              <1>                     call print_character
  1027                              <1> 
  1028 0000071E 8B4412              <1>                     mov ax,[si+18]
  1029 00000721 C1E805              <1>                     shr ax,5
  1030 00000724 250F00              <1>                     and ax, 000Fh
  1031 00000727 50                  <1>                     push ax
  1032 00000728 B80000              <1>                     mov ax,0
  1033 0000072B 50                  <1>                     push ax
  1034 0000072C B81B00              <1>                     mov ax,0x1B
  1035 0000072F 50                  <1>                     push ax
  1036 00000730 89C8                <1>                     mov ax,cx
  1037 00000732 50                  <1>                     push ax
  1038 00000733 89F8                <1>                     mov ax,di
  1039 00000735 052200              <1>                     add ax,34
  1040 00000738 50                  <1>                     push ax
  1041 00000739 E806FC              <1>                     call print_number
  1042 0000073C E95EFF              <1>                     jmp @leading_here2
  1043                              <1> 
  1044 0000073F 31C0                <1> print_dashes:   xor ax,ax   
  1045 00000741 B82D00              <1>                 mov ax,0x2D
  1046 00000744 50                  <1>                 push ax
  1047 00000745 B81B00              <1>                 mov ax,0x1B
  1048 00000748 50                  <1>                 push ax
  1049 00000749 89C8                <1>                 mov ax,cx
  1050 0000074B 50                  <1>                 push ax
  1051 0000074C 89F8                <1>                 mov ax,di
  1052 0000074E 052000              <1>                 add ax,32
  1053 00000751 50                  <1>                 push ax
  1054 00000752 E852FC              <1>                 call print_character
  1055                              <1> 
  1056 00000755 31C0                <1>                 xor ax,ax   
  1057 00000757 B82D00              <1>                 mov ax,0x2D
  1058 0000075A 50                  <1>                 push ax
  1059 0000075B B81B00              <1>                 mov ax,0x1B
  1060 0000075E 50                  <1>                 push ax
  1061 0000075F 89C8                <1>                 mov ax,cx
  1062 00000761 50                  <1>                 push ax
  1063 00000762 89F8                <1>                 mov ax,di
  1064 00000764 052300              <1>                 add ax,35
  1065 00000767 50                  <1>                 push ax
  1066 00000768 E83CFC              <1>                 call print_character
  1067 0000076B E953FF              <1>                 jmp @return_from_dashes
  1068                                  %include "data.asm"
  1069                              <1> 
  1070 0000076E 4E616D6500          <1> Mystr1: db "Name",0
  1071 00000773 1E                  <1> attribute: db 0x1E
  1072 00000774 01                  <1> row1:  db 1
  1073 00000775 08                  <1> cols1: db 8
  1074                              <1> 
  1075                              <1> 
  1076 00000776 53697A6500          <1> Mystr2: db "Size",0
  1077 0000077B 01                  <1> row2:  db 1
  1078 0000077C 18                  <1> cols2: db 24 
  1079                              <1> 
  1080                              <1> 
  1081 0000077D 4461746500          <1> Mystr3: db "Date",0
  1082 00000782 01                  <1> row3:  db 1
  1083 00000783 21                  <1> cols3: db 33
  1084                              <1> 
  1085 00000784 01                  <1> row4: db 1  
  1086 00000785 30                  <1> cols4: db 48
  1087                              <1> 
  1088 00000786 01                  <1> row5: db 1
  1089 00000787 40                  <1> cols5: db 64
  1090                              <1> 
  1091 00000788 01                  <1> row6: db 1
  1092 00000789 49                  <1> cols6: db 73
  1093                              <1> 
  1094                              <1> 
  1095 0000078A B3                  <1> Mychar: db 0xB3
  1096 0000078B 1B                  <1> attr: db 0x1B
  1097                              <1> 
  1098 0000078C 01                  <1> v_row1: db 1
  1099 0000078D 1E                  <1> v_cols1: db 30
  1100 0000078E 16                  <1> dest_row1: db 22
  1101                              <1> 
  1102                              <1> 
  1103 0000078F 01                  <1> v_row2: db 1
  1104 00000790 14                  <1> v_cols2: db 20
  1105 00000791 16                  <1> dest_row2: db 22
  1106                              <1> 
  1107                              <1> 
  1108 00000792 01                  <1> v_row3: db 1
  1109 00000793 46                  <1> v_cols3: db 70
  1110 00000794 16                  <1> dest_row3: db 22
  1111                              <1> 
  1112 00000795 01                  <1> v_row4: db 1
  1113 00000796 3C                  <1> v_cols4: db 60
  1114 00000797 16                  <1> dest_row4: db 22
  1115                              <1> 
  1116                              <1> 
  1117                              <1> 
  1118                              <1> 
  1119 00000798 C4                  <1> h_Mychar: db 0xC4
  1120 00000799 1B                  <1> h_attr: db 0x1B
  1121 0000079A 16                  <1> h_row: db 22
  1122 0000079B 01                  <1> h_cols: db 1
  1123 0000079C 4E                  <1> dest_col: db 78
  1124                              <1> 
  1125                              <1> 
  1126                              <1> ;===============================================================================================================
  1127                              <1> 
  1128 0000079D 00                  <1> active_pane: db 0
  1129 0000079E 02                  <1> current_row: db 2
  1130 0000079F 01                  <1> l_start_cols: db 1
  1131 000007A0 26                  <1> l_end_cols: db 38
  1132 000007A1 29                  <1> r_start_cols: db 41
  1133 000007A2 4E                  <1> r_end_cols: db 78
  1134                              <1> 
  1135                              <1> 
  1136                              <1> ;===============================================================================================================
  1137                              <1> 
  1138                              <1> 
  1139                              <1> ; -------------------------------------------------------------------
  1140                              <1> ; 32-BYTE MOCK FILE SYSTEM DATA
  1141                              <1> ; [0-12]  : Filename string (13 bytes max, null terminated)
  1142                              <1> ; [13]    : Attribute (00h = Normal File, 10h = Directory)
  1143                              <1> ; [14-17] : File Size (DWORD - 4 bytes)
  1144                              <1> ; [18-19] : MS-DOS Date Word (Bits: YYYYYYY MMMMDDDDD)
  1145                              <1> ; [20-21] : MS-DOS Time Word (Bits: HHHHHMMMMMMSSSSS)
  1146                              <1> ; [22-31] : Reserved Padding (10 bytes)
  1147                              <1> ; -------------------------------------------------------------------
  1148                              <1> 
  1149                              <1> 
  1150 000007A3 2A2E2A00            <1> search_string db "*.*",0
  1151 000007A7 00<rept>            <1> dta_buffer  times 43 db 0
  1152                              <1> file_list:
  1153                              <1> 
  1154 000007D2 00<rept>            <1>     times 640 db 0
  1155                              <1>     ; --- END OF ARRAY MARKER ---
  1156 00000A52 FF                  <1>     db 0FFh                      ; End Marker
  1157                              <1> 
  1158                              <1> 
  1159                              <1> ;Bytes 0 to 20 (21 bytes): Secret DOS search data. Ignore this completely.
  1160                              <1> 
  1161                              <1> ;Byte 21 (1 byte): The File Attribute (e.g., 10h means Directory, 00h means Normal File).
  1162                              <1> 
  1163                              <1> ;Bytes 22 to 23 (2 bytes): The File Time.
  1164                              <1> 
  1165                              <1> ;Bytes 24 to 25 (2 bytes): The File Date.
  1166                              <1> 
  1167                              <1> ;Bytes 26 to 29 (4 bytes): The File Size. (The lower 16-bits are at Byte 26, the upper 16-bits are at Byte 28).
  1168                              <1> 
  1169                              <1> ;Bytes 30 to 42 (13 bytes): The File Name as a null-terminated string.
